Archive member included to satisfy reference by file (symbol)

/usr/lib/gcc/arm-none-eabi/7.2.0/../../../../arm-none-eabi/lib/armv6-m/libc.a(lib_a-atexit.o)
                              /usr/lib/gcc/arm-none-eabi/7.2.0/../../../../arm-none-eabi/lib/armv6-m/crt0.o (atexit)
/usr/lib/gcc/arm-none-eabi/7.2.0/../../../../arm-none-eabi/lib/armv6-m/libc.a(lib_a-exit.o)
                              /usr/lib/gcc/arm-none-eabi/7.2.0/../../../../arm-none-eabi/lib/armv6-m/crt0.o (exit)
/usr/lib/gcc/arm-none-eabi/7.2.0/../../../../arm-none-eabi/lib/armv6-m/libc.a(lib_a-fini.o)
                              /usr/lib/gcc/arm-none-eabi/7.2.0/../../../../arm-none-eabi/lib/armv6-m/crt0.o (__libc_fini_array)
/usr/lib/gcc/arm-none-eabi/7.2.0/../../../../arm-none-eabi/lib/armv6-m/libc.a(lib_a-impure.o)
                              /usr/lib/gcc/arm-none-eabi/7.2.0/../../../../arm-none-eabi/lib/armv6-m/libc.a(lib_a-exit.o) (_global_impure_ptr)
/usr/lib/gcc/arm-none-eabi/7.2.0/../../../../arm-none-eabi/lib/armv6-m/libc.a(lib_a-init.o)
                              /usr/lib/gcc/arm-none-eabi/7.2.0/../../../../arm-none-eabi/lib/armv6-m/crt0.o (__libc_init_array)
/usr/lib/gcc/arm-none-eabi/7.2.0/../../../../arm-none-eabi/lib/armv6-m/libc.a(lib_a-memcpy-stub.o)
                              build/RegionEU868.o (memcpy)
/usr/lib/gcc/arm-none-eabi/7.2.0/../../../../arm-none-eabi/lib/armv6-m/libc.a(lib_a-memset.o)
                              /usr/lib/gcc/arm-none-eabi/7.2.0/../../../../arm-none-eabi/lib/armv6-m/crt0.o (memset)
/usr/lib/gcc/arm-none-eabi/7.2.0/../../../../arm-none-eabi/lib/armv6-m/libc.a(lib_a-vsprintf.o)
                              build/vcom.o (vsprintf)
/usr/lib/gcc/arm-none-eabi/7.2.0/../../../../arm-none-eabi/lib/armv6-m/libc.a(lib_a-__atexit.o)
                              /usr/lib/gcc/arm-none-eabi/7.2.0/../../../../arm-none-eabi/lib/armv6-m/libc.a(lib_a-atexit.o) (__register_exitproc)
/usr/lib/gcc/arm-none-eabi/7.2.0/../../../../arm-none-eabi/lib/armv6-m/libc.a(lib_a-__call_atexit.o)
                              /usr/lib/gcc/arm-none-eabi/7.2.0/../../../../arm-none-eabi/lib/armv6-m/libc.a(lib_a-exit.o) (__call_exitprocs)
/usr/lib/gcc/arm-none-eabi/7.2.0/../../../../arm-none-eabi/lib/armv6-m/libc.a(lib_a-svfprintf.o)
                              /usr/lib/gcc/arm-none-eabi/7.2.0/../../../../arm-none-eabi/lib/armv6-m/libc.a(lib_a-vsprintf.o) (_svfprintf_r)
/usr/lib/gcc/arm-none-eabi/7.2.0/../../../../arm-none-eabi/lib/armv6-m/libc.a(lib_a-dtoa.o)
                              /usr/lib/gcc/arm-none-eabi/7.2.0/../../../../arm-none-eabi/lib/armv6-m/libc.a(lib_a-svfprintf.o) (_dtoa_r)
/usr/lib/gcc/arm-none-eabi/7.2.0/../../../../arm-none-eabi/lib/armv6-m/libc.a(lib_a-localeconv.o)
                              /usr/lib/gcc/arm-none-eabi/7.2.0/../../../../arm-none-eabi/lib/armv6-m/libc.a(lib_a-svfprintf.o) (_localeconv_r)
/usr/lib/gcc/arm-none-eabi/7.2.0/../../../../arm-none-eabi/lib/armv6-m/libc.a(lib_a-locale.o)
                              /usr/lib/gcc/arm-none-eabi/7.2.0/../../../../arm-none-eabi/lib/armv6-m/libc.a(lib_a-localeconv.o) (__global_locale)
/usr/lib/gcc/arm-none-eabi/7.2.0/../../../../arm-none-eabi/lib/armv6-m/libc.a(lib_a-mallocr.o)
                              /usr/lib/gcc/arm-none-eabi/7.2.0/../../../../arm-none-eabi/lib/armv6-m/libc.a(lib_a-svfprintf.o) (_malloc_r)
/usr/lib/gcc/arm-none-eabi/7.2.0/../../../../arm-none-eabi/lib/armv6-m/libc.a(lib_a-mbtowc_r.o)
                              /usr/lib/gcc/arm-none-eabi/7.2.0/../../../../arm-none-eabi/lib/armv6-m/libc.a(lib_a-locale.o) (__ascii_mbtowc)
/usr/lib/gcc/arm-none-eabi/7.2.0/../../../../arm-none-eabi/lib/armv6-m/libc.a(lib_a-memchr-stub.o)
                              /usr/lib/gcc/arm-none-eabi/7.2.0/../../../../arm-none-eabi/lib/armv6-m/libc.a(lib_a-svfprintf.o) (memchr)
/usr/lib/gcc/arm-none-eabi/7.2.0/../../../../arm-none-eabi/lib/armv6-m/libc.a(lib_a-mlock.o)
                              /usr/lib/gcc/arm-none-eabi/7.2.0/../../../../arm-none-eabi/lib/armv6-m/libc.a(lib_a-mallocr.o) (__malloc_lock)
/usr/lib/gcc/arm-none-eabi/7.2.0/../../../../arm-none-eabi/lib/armv6-m/libc.a(lib_a-mprec.o)
                              /usr/lib/gcc/arm-none-eabi/7.2.0/../../../../arm-none-eabi/lib/armv6-m/libc.a(lib_a-dtoa.o) (_Balloc)
/usr/lib/gcc/arm-none-eabi/7.2.0/../../../../arm-none-eabi/lib/armv6-m/libc.a(lib_a-sbrkr.o)
                              /usr/lib/gcc/arm-none-eabi/7.2.0/../../../../arm-none-eabi/lib/armv6-m/libc.a(lib_a-mallocr.o) (_sbrk_r)
/usr/lib/gcc/arm-none-eabi/7.2.0/../../../../arm-none-eabi/lib/armv6-m/libc.a(lib_a-strcmp.o)
                              /usr/lib/gcc/arm-none-eabi/7.2.0/../../../../arm-none-eabi/lib/armv6-m/libc.a(lib_a-locale.o) (strcmp)
/usr/lib/gcc/arm-none-eabi/7.2.0/../../../../arm-none-eabi/lib/armv6-m/libc.a(lib_a-strlen-stub.o)
                              /usr/lib/gcc/arm-none-eabi/7.2.0/../../../../arm-none-eabi/lib/armv6-m/libc.a(lib_a-svfprintf.o) (strlen)
[...]
Memory Configuration

Name             Origin             Length             Attributes
RAM              0x0000000020000000 0x0000000000005000 xrw
FLASH            0x0000000008000000 0x0000000000030000 xr
*default*        0x0000000000000000 0xffffffffffffffff

Linker script and memory map

LOAD /usr/lib/gcc/arm-none-eabi/7.2.0/armv6-m/crti.o
LOAD /usr/lib/gcc/arm-none-eabi/7.2.0/armv6-m/crtbegin.o
LOAD /usr/lib/gcc/arm-none-eabi/7.2.0/../../../../arm-none-eabi/lib/armv6-m/crt0.o
LOAD build/stm32l0xx_hal_comp_ex.o
LOAD build/stm32l0xx_ll_lptim.o
LOAD build/stm32l0xx_hal_smartcard.o
LOAD build/stm32l0xx_hal_pwr.o
LOAD build/stm32l0xx_ll_utils.o
LOAD build/stm32l0xx_hal_usart.o
LOAD build/stm32l0xx_hal_smbus.o
LOAD build/stm32l0xx_hal_rtc.o
LOAD build/stm32l0xx_ll_crc.o
LOAD build/stm32l0xx_ll_dma.o
LOAD build/stm32l0xx_hal_adc_ex.o
LOAD build/stm32l0xx_ll_spi.o
LOAD build/stm32l0xx_ll_gpio.o
LOAD build/stm32l0xx_ll_i2c.o
LOAD build/stm32l0xx_hal_cortex.o
LOAD build/stm32l0xx_ll_crs.o
LOAD build/stm32l0xx_hal_comp.o
LOAD build/stm32l0xx_hal_cryp_ex.o
LOAD build/stm32l0xx_hal_pcd.o
LOAD build/stm32l0xx_ll_exti.o
LOAD build/stm32l0xx_hal_spi.o
LOAD build/stm32l0xx_ll_rng.o
LOAD build/stm32l0xx_ll_dac.o
LOAD build/stm32l0xx_hal_gpio.o
LOAD build/stm32l0xx_hal_wwdg.o
LOAD build/stm32l0xx_hal_flash_ramfunc.o
LOAD build/stm32l0xx_ll_rtc.o
LOAD build/stm32l0xx_hal_i2s.o
LOAD build/stm32l0xx_hal_tim.o
LOAD build/stm32l0xx_ll_usart.o
LOAD build/stm32l0xx_ll_rcc.o
LOAD build/stm32l0xx_hal_irda.o
LOAD build/stm32l0xx_hal_i2c.o
LOAD build/stm32l0xx_hal_rcc.o
LOAD build/stm32l0xx_hal_lptim.o
LOAD build/stm32l0xx_hal_i2c_ex.o
LOAD build/stm32l0xx_hal_uart_ex.o
LOAD build/stm32l0xx_ll_pwr.o
LOAD build/stm32l0xx_ll_comp.o
LOAD build/stm32l0xx_hal_flash.o
LOAD build/stm32l0xx_hal_crc_ex.o
LOAD build/stm32l0xx_hal.o
LOAD build/stm32l0xx_hal_smartcard_ex.o
LOAD build/stm32l0xx_hal_rng.o
LOAD build/stm32l0xx_hal_adc.o
LOAD build/stm32l0xx_hal_cryp.o
LOAD build/stm32l0xx_hal_tim_ex.o
LOAD build/stm32l0xx_hal_firewall.o
LOAD build/stm32l0xx_hal_rtc_ex.o
LOAD build/stm32l0xx_hal_iwdg.o
LOAD build/stm32l0xx_hal_uart.o
LOAD build/stm32l0xx_hal_tsc.o
LOAD build/stm32l0xx_hal_dac_ex.o
LOAD build/stm32l0xx_hal_flash_ex.o
LOAD build/stm32l0xx_hal_dma.o
LOAD build/stm32l0xx_ll_tim.o
LOAD build/stm32l0xx_hal_lcd.o
LOAD build/stm32l0xx_ll_adc.o
LOAD build/stm32l0xx_hal_rcc_ex.o
LOAD build/stm32l0xx_hal_dac.o
LOAD build/stm32l0xx_hal_pwr_ex.o
LOAD build/stm32l0xx_hal_pcd_ex.o
LOAD build/stm32l0xx_hal_crc.o
LOAD build/stm32l0xx_ll_lpuart.o
LOAD build/sx1272mb2das.o
LOAD build/sx1272.o
LOAD build/lora.o
LOAD build/aes.o
LOAD build/cmac.o
LOAD build/RegionCommon.o
LOAD build/Region.o
LOAD build/RegionEU868.o
LOAD build/LoRaMac.o
LOAD build/LoRaMacCrypto.o
LOAD build/delay.o
LOAD build/timeServer.o
LOAD build/utilities.o
LOAD build/low_power.o
LOAD build/vcom.o
LOAD build/stm32l0xx_hw.o
LOAD build/hw_rtc.o
LOAD build/stm32l0xx_hal_msp.o
LOAD build/debug.o
LOAD build/hw_i2c.o
LOAD build/hw_gpio.o
LOAD build/hw_spi.o
LOAD build/main.o
LOAD build/system_stm32l0xx.o
LOAD build/stm32l0xx_it.o
LOAD build/voc_sensor.o
LOAD build/bme680.o
LOAD build/startup_stm32l073xx.o
LOAD /usr/lib/gcc/arm-none-eabi/7.2.0/../../../../arm-none-eabi/lib/armv6-m/libc.a
LOAD /usr/lib/gcc/arm-none-eabi/7.2.0/../../../../arm-none-eabi/lib/armv6-m/libm.a
LOAD /usr/lib/gcc/arm-none-eabi/7.2.0/../../../../arm-none-eabi/lib/armv6-m/libnosys.a
START GROUP
LOAD /usr/lib/gcc/arm-none-eabi/7.2.0/armv6-m/libgcc.a
LOAD /usr/lib/gcc/arm-none-eabi/7.2.0/../../../../arm-none-eabi/lib/armv6-m/libc.a
END GROUP
LOAD /usr/lib/gcc/arm-none-eabi/7.2.0/armv6-m/crtend.o
LOAD /usr/lib/gcc/arm-none-eabi/7.2.0/armv6-m/crtn.o
                0x0000000020005000                _estack = 0x20005000
                0x0000000000000200                _Min_Heap_Size = 0x200
                0x0000000000000400                _Min_Stack_Size = 0x400

.isr_vector     0x0000000008000000       0xc0
                0x0000000008000000                . = ALIGN (0x4)
 *(.isr_vector)
 .isr_vector    0x0000000008000000       0xc0 build/startup_stm32l073xx.o
                0x0000000008000000                g_pfnVectors
                0x00000000080000c0                . = ALIGN (0x4)

.text           0x00000000080000c0     0xca18
                0x00000000080000c0                . = ALIGN (0x4)
 *(.text)
 .text          0x00000000080000c0       0x8c /usr/lib/gcc/arm-none-eabi/7.2.0/armv6-m/libgcc.a(_udivsi3.o)
                0x00000000080000c0                __udivsi3
                0x00000000080000c0                __aeabi_uidiv
                0x0000000008000138                __aeabi_uidivmod
 .text          0x000000000800014c       0xa8 /usr/lib/gcc/arm-none-eabi/7.2.0/armv6-m/libgcc.a(_divsi3.o)
                0x000000000800014c                __aeabi_idiv
                0x000000000800014c                __divsi3
                0x00000000080001e0                __aeabi_idivmod
 .text          0x00000000080001f4        0x4 /usr/lib/gcc/arm-none-eabi/7.2.0/armv6-m/libgcc.a(_dvmd_tls.o)
                0x00000000080001f4                __aeabi_ldiv0
                0x00000000080001f4                __aeabi_idiv0
 .text          0x00000000080001f8       0x7c /usr/lib/gcc/arm-none-eabi/7.2.0/armv6-m/libgcc.a(_arm_cmpdf2.o)
                0x00000000080001f8                __aeabi_cdrcmple
                0x0000000008000208                __aeabi_cdcmple
                0x0000000008000208                __aeabi_cdcmpeq
                0x0000000008000218                __aeabi_dcmpeq
                0x0000000008000224                __aeabi_dcmplt
                0x0000000008000238                __aeabi_dcmple
                0x000000000800024c                __aeabi_dcmpgt
                0x0000000008000260                __aeabi_dcmpge
 .text          0x0000000008000274       0x48 /usr/lib/gcc/arm-none-eabi/7.2.0/armv6-m/libgcc.a(_aeabi_ldivmod.o)
                0x0000000008000274                __aeabi_ldivmod
 .text          0x00000000080002bc       0x40 /usr/lib/gcc/arm-none-eabi/7.2.0/armv6-m/libgcc.a(_aeabi_uldivmod.o)
                0x00000000080002bc                __aeabi_uldivmod
 .text          0x00000000080002fc       0x14 /usr/lib/gcc/arm-none-eabi/7.2.0/armv6-m/libgcc.a(_thumb1_case_uqi.o)
                0x00000000080002fc                __gnu_thumb1_case_uqi
 .text          0x0000000008000310       0x14 /usr/lib/gcc/arm-none-eabi/7.2.0/armv6-m/libgcc.a(_thumb1_case_uhi.o)
                0x0000000008000310                __gnu_thumb1_case_uhi
 .text          0x0000000008000324       0x18 /usr/lib/gcc/arm-none-eabi/7.2.0/armv6-m/libgcc.a(_lshrdi3.o)
                0x0000000008000324                __aeabi_llsr
                0x0000000008000324                __lshrdi3
 .text          0x000000000800033c       0x18 /usr/lib/gcc/arm-none-eabi/7.2.0/armv6-m/libgcc.a(_ashldi3.o)
                0x000000000800033c                __ashldi3
                0x000000000800033c                __aeabi_llsl
 .text          0x0000000008000354       0x3c /usr/lib/gcc/arm-none-eabi/7.2.0/armv6-m/libgcc.a(_clzsi2.o)
                0x0000000008000354                __clzsi2
 .text          0x0000000008000390       0x18 /usr/lib/gcc/arm-none-eabi/7.2.0/armv6-m/libgcc.a(_clzdi2.o)
                0x0000000008000390                __clzdi2
 *(.text*)
 .text.__do_global_dtors_aux
                0x00000000080003a8       0x28 /usr/lib/gcc/arm-none-eabi/7.2.0/armv6-m/crtbegin.o
 .text.frame_dummy
                0x00000000080003d0       0x20 /usr/lib/gcc/arm-none-eabi/7.2.0/armv6-m/crtbegin.o
 .text.HAL_PWR_DisablePVD
                0x00000000080003f0       0x10 build/stm32l0xx_hal_pwr.o
                0x00000000080003f0                HAL_PWR_DisablePVD
 .text.HAL_RTC_GetTime
                0x0000000008000400       0x6c build/stm32l0xx_hal_rtc.o
                0x0000000008000400                HAL_RTC_GetTime
 .text.HAL_RTC_GetDate
                0x000000000800046c       0x5c build/stm32l0xx_hal_rtc.o
                0x000000000800046c                HAL_RTC_GetDate
 .text.HAL_RTC_SetAlarm_IT
                0x00000000080004c8      0x1fc build/stm32l0xx_hal_rtc.o
                0x00000000080004c8                HAL_RTC_SetAlarm_IT
 .text.HAL_RTC_DeactivateAlarm
                0x00000000080006c4       0xe4 build/stm32l0xx_hal_rtc.o
                0x00000000080006c4                HAL_RTC_DeactivateAlarm
 .text.HAL_RTC_WaitForSynchro
                0x00000000080007a8       0x32 build/stm32l0xx_hal_rtc.o
                0x00000000080007a8                HAL_RTC_WaitForSynchro
 .text.RTC_EnterInitMode
                0x00000000080007da       0x3a build/stm32l0xx_hal_rtc.o
                0x00000000080007da                RTC_EnterInitMode
 .text.HAL_RTC_Init
                0x0000000008000814       0xac build/stm32l0xx_hal_rtc.o
                0x0000000008000814                HAL_RTC_Init
 .text.HAL_RTC_SetTime
                0x00000000080008c0      0x13c build/stm32l0xx_hal_rtc.o
                0x00000000080008c0                HAL_RTC_SetTime
 .text.HAL_RTC_SetDate
                0x00000000080009fc      0x118 build/stm32l0xx_hal_rtc.o
                0x00000000080009fc                HAL_RTC_SetDate
 .text.HAL_NVIC_SetPriority
                0x0000000008000b14       0x60 build/stm32l0xx_hal_cortex.o
                0x0000000008000b14                HAL_NVIC_SetPriority
 .text.HAL_NVIC_EnableIRQ
                0x0000000008000b74       0x14 build/stm32l0xx_hal_cortex.o
                0x0000000008000b74                HAL_NVIC_EnableIRQ
 .text.HAL_NVIC_SetPendingIRQ
                0x0000000008000b88       0x18 build/stm32l0xx_hal_cortex.o
                0x0000000008000b88                HAL_NVIC_SetPendingIRQ
 .text.HAL_NVIC_ClearPendingIRQ
                0x0000000008000ba0       0x18 build/stm32l0xx_hal_cortex.o
                0x0000000008000ba0                HAL_NVIC_ClearPendingIRQ
 .text.SPI_WaitOnFlagUntilTimeout
                0x0000000008000bb8       0xf0 build/stm32l0xx_hal_spi.o
 .text.HAL_SPI_MspInit
                0x0000000008000ca8        0x2 build/stm32l0xx_hal_spi.o
                0x0000000008000ca8                HAL_SPI_MspInit
 *fill*         0x0000000008000caa        0x2 
 .text.HAL_SPI_Init
                0x0000000008000cac       0x88 build/stm32l0xx_hal_spi.o
                0x0000000008000cac                HAL_SPI_Init
 .text.HAL_SPI_TransmitReceive
                0x0000000008000d34      0x3ac build/stm32l0xx_hal_spi.o
                0x0000000008000d34                HAL_SPI_TransmitReceive
 .text.HAL_GPIO_Init
                0x00000000080010e0      0x19c build/stm32l0xx_hal_gpio.o
                0x00000000080010e0                HAL_GPIO_Init
 .text.HAL_GPIO_WritePin
                0x000000000800127c        0xc build/stm32l0xx_hal_gpio.o
                0x000000000800127c                HAL_GPIO_WritePin
 .text.HAL_GPIO_EXTI_IRQHandler
                0x0000000008001288       0x1c build/stm32l0xx_hal_gpio.o
                0x0000000008001288                HAL_GPIO_EXTI_IRQHandler
 .text.I2C_IsAcknowledgeFailed
                0x00000000080012a4       0x90 build/stm32l0xx_hal_i2c.o
 .text.I2C_WaitOnFlagUntilTimeout
                0x0000000008001334       0x46 build/stm32l0xx_hal_i2c.o
 .text.I2C_WaitOnSTOPFlagUntilTimeout
                0x000000000800137a       0x4e build/stm32l0xx_hal_i2c.o
 .text.I2C_WaitOnRXNEFlagUntilTimeout
                0x00000000080013c8       0x78 build/stm32l0xx_hal_i2c.o
 .text.I2C_WaitOnTXISFlagUntilTimeout
                0x0000000008001440       0x68 build/stm32l0xx_hal_i2c.o
 .text.HAL_I2C_Init
                0x00000000080014a8       0xcc build/stm32l0xx_hal_i2c.o
                0x00000000080014a8                HAL_I2C_Init
 .text.HAL_I2C_Master_Transmit
                0x0000000008001574      0x1bc build/stm32l0xx_hal_i2c.o
                0x0000000008001574                HAL_I2C_Master_Transmit
 .text.HAL_I2C_Master_Receive
                0x0000000008001730      0x1bc build/stm32l0xx_hal_i2c.o
                0x0000000008001730                HAL_I2C_Master_Receive
 .text.RCC_SetFlashLatencyFromMSIRange
                0x00000000080018ec       0x80 build/stm32l0xx_hal_rcc.o
 .text.HAL_RCC_OscConfig
                0x000000000800196c      0x57c build/stm32l0xx_hal_rcc.o
                0x000000000800196c                HAL_RCC_OscConfig
 .text.HAL_RCC_GetSysClockFreq
                0x0000000008001ee8       0xb0 build/stm32l0xx_hal_rcc.o
                0x0000000008001ee8                HAL_RCC_GetSysClockFreq
 .text.HAL_RCC_ClockConfig
                0x0000000008001f98      0x1a0 build/stm32l0xx_hal_rcc.o
                0x0000000008001f98                HAL_RCC_ClockConfig
 .text.HAL_RCC_GetPCLK1Freq
                0x0000000008002138       0x24 build/stm32l0xx_hal_rcc.o
                0x0000000008002138                HAL_RCC_GetPCLK1Freq
 .text.HAL_RCC_GetPCLK2Freq
                0x000000000800215c       0x24 build/stm32l0xx_hal_rcc.o
                0x000000000800215c                HAL_RCC_GetPCLK2Freq
 .text.HAL_I2CEx_ConfigAnalogFilter
                0x0000000008002180       0x58 build/stm32l0xx_hal_i2c_ex.o
                0x0000000008002180                HAL_I2CEx_ConfigAnalogFilter
 .text.HAL_I2CEx_ConfigDigitalFilter
                0x00000000080021d8       0x54 build/stm32l0xx_hal_i2c_ex.o
                0x00000000080021d8                HAL_I2CEx_ConfigDigitalFilter
 .text.HAL_Init
                0x000000000800222c       0x20 build/stm32l0xx_hal.o
                0x000000000800222c                HAL_Init
 .text.HAL_IncTick
                0x000000000800224c       0x10 build/stm32l0xx_hal.o
                0x000000000800224c                HAL_IncTick
 .text.HAL_GetTick
                0x000000000800225c        0xc build/stm32l0xx_hal.o
                0x000000000800225c                HAL_GetTick
 .text.HAL_DBGMCU_DisableDBGSleepMode
                0x0000000008002268       0x10 build/stm32l0xx_hal.o
                0x0000000008002268                HAL_DBGMCU_DisableDBGSleepMode
 .text.HAL_DBGMCU_DisableDBGStopMode
                0x0000000008002278       0x10 build/stm32l0xx_hal.o
                0x0000000008002278                HAL_DBGMCU_DisableDBGStopMode
 .text.HAL_DBGMCU_DisableDBGStandbyMode
                0x0000000008002288       0x10 build/stm32l0xx_hal.o
                0x0000000008002288                HAL_DBGMCU_DisableDBGStandbyMode
 .text.HAL_RTCEx_EnableBypassShadow
                0x0000000008002298       0x3e build/stm32l0xx_hal_rtc_ex.o
                0x0000000008002298                HAL_RTCEx_EnableBypassShadow
 *fill*         0x00000000080022d6        0x2 
 .text.UART_SetConfig
                0x00000000080022d8      0x358 build/stm32l0xx_hal_uart.o
                0x00000000080022d8                UART_SetConfig
 .text.UART_AdvFeatureConfig
                0x0000000008002630       0xe0 build/stm32l0xx_hal_uart.o
                0x0000000008002630                UART_AdvFeatureConfig
 .text.UART_WaitOnFlagUntilTimeout
                0x0000000008002710       0x6c build/stm32l0xx_hal_uart.o
                0x0000000008002710                UART_WaitOnFlagUntilTimeout
 .text.HAL_UART_Transmit
                0x000000000800277c       0xe2 build/stm32l0xx_hal_uart.o
                0x000000000800277c                HAL_UART_Transmit
 *fill*         0x000000000800285e        0x2 
 .text.UART_CheckIdleState
                0x0000000008002860       0x70 build/stm32l0xx_hal_uart.o
                0x0000000008002860                UART_CheckIdleState
 .text.HAL_UART_Init
                0x00000000080028d0       0x70 build/stm32l0xx_hal_uart.o
                0x00000000080028d0                HAL_UART_Init
 .text.HAL_RCCEx_PeriphCLKConfig
                0x0000000008002940      0x210 build/stm32l0xx_hal_rcc_ex.o
                0x0000000008002940                HAL_RCCEx_PeriphCLKConfig
 .text.HAL_RCCEx_GetPeriphCLKFreq
                0x0000000008002b50      0x2c0 build/stm32l0xx_hal_rcc_ex.o
                0x0000000008002b50                HAL_RCCEx_GetPeriphCLKFreq
 .text.HAL_PWREx_EnableFastWakeUp
                0x0000000008002e10       0x14 build/stm32l0xx_hal_pwr_ex.o
                0x0000000008002e10                HAL_PWREx_EnableFastWakeUp
 .text.HAL_PWREx_EnableUltraLowPower
                0x0000000008002e24       0x14 build/stm32l0xx_hal_pwr_ex.o
                0x0000000008002e24                HAL_PWREx_EnableUltraLowPower
 .text.SX1272GetWakeTime
                0x0000000008002e38        0x4 build/sx1272mb2das.o
                0x0000000008002e38                SX1272GetWakeTime
 .text.SX1272SetXO
                0x0000000008002e3c        0x2 build/sx1272mb2das.o
                0x0000000008002e3c                SX1272SetXO
 .text.SX1272SetAntSwLowPower
                0x0000000008002e3e        0x2 build/sx1272mb2das.o
                0x0000000008002e3e                SX1272SetAntSwLowPower
 .text.SX1272SetAntSw
                0x0000000008002e40       0x18 build/sx1272mb2das.o
                0x0000000008002e40                SX1272SetAntSw
 .text.SX1272CheckRfFrequency
                0x0000000008002e58        0x4 build/sx1272mb2das.o
                0x0000000008002e58                SX1272CheckRfFrequency
 .text.SX1272SetRfTxPower
                0x0000000008002e5c       0x44 build/sx1272mb2das.o
                0x0000000008002e5c                SX1272SetRfTxPower
 .text.SX1272IoInit
                0x0000000008002ea0       0x60 build/sx1272mb2das.o
                0x0000000008002ea0                SX1272IoInit
 .text.SX1272IoDeInit
                0x0000000008002f00       0x50 build/sx1272mb2das.o
                0x0000000008002f00                SX1272IoDeInit
 .text.SX1272IoIrqInit
                0x0000000008002f50       0x40 build/sx1272mb2das.o
                0x0000000008002f50                SX1272IoIrqInit
 .text.SX1272OnDio4Irq
                0x0000000008002f90       0x20 build/sx1272.o
                0x0000000008002f90                SX1272OnDio4Irq
 .text.SX1272BoardInit
                0x0000000008002fb0        0xc build/sx1272.o
                0x0000000008002fb0                SX1272BoardInit
 .text.SX1272GetStatus
                0x0000000008002fbc        0xc build/sx1272.o
                0x0000000008002fbc                SX1272GetStatus
 .text.SX1272Reset
                0x0000000008002fc8       0x4c build/sx1272.o
                0x0000000008002fc8                SX1272Reset
 .text.SX1272WriteBuffer
                0x0000000008003014       0x40 build/sx1272.o
                0x0000000008003014                SX1272WriteBuffer
 .text.SX1272Write
                0x0000000008003054       0x16 build/sx1272.o
                0x0000000008003054                SX1272Write
 *fill*         0x000000000800306a        0x2 
 .text.SX1272SetChannel
                0x000000000800306c       0x68 build/sx1272.o
                0x000000000800306c                SX1272SetChannel
 .text.SX1272ReadBuffer
                0x00000000080030d4       0x40 build/sx1272.o
                0x00000000080030d4                SX1272ReadBuffer
 .text.SX1272Read
                0x0000000008003114       0x16 build/sx1272.o
                0x0000000008003114                SX1272Read
 *fill*         0x000000000800312a        0x2 
 .text.SX1272GetTimeOnAir
                0x000000000800312c      0x238 build/sx1272.o
                0x000000000800312c                SX1272GetTimeOnAir
 .text.SX1272ReadRssi
                0x0000000008003364       0x40 build/sx1272.o
                0x0000000008003364                SX1272ReadRssi
 .text.SX1272SetOpMode
                0x00000000080033a4       0x54 build/sx1272.o
                0x00000000080033a4                SX1272SetOpMode
 .text.SX1272SetSleep
                0x00000000080033f8       0x28 build/sx1272.o
                0x00000000080033f8                SX1272SetSleep
 .text.SX1272SetStby
                0x0000000008003420       0x28 build/sx1272.o
                0x0000000008003420                SX1272SetStby
 .text.SX1272SetRx
                0x0000000008003448      0x218 build/sx1272.o
                0x0000000008003448                SX1272SetRx
 .text.SX1272SetTx
                0x0000000008003660      0x110 build/sx1272.o
                0x0000000008003660                SX1272SetTx
 .text.SX1272StartCad
                0x0000000008003770       0x50 build/sx1272.o
                0x0000000008003770                SX1272StartCad
 .text.SX1272SetModem
                0x00000000080037c0       0xcc build/sx1272.o
                0x00000000080037c0                SX1272SetModem
 .text.SX1272Init
                0x000000000800388c       0xa8 build/sx1272.o
                0x000000000800388c                SX1272Init
 .text.SX1272IsChannelFree
                0x0000000008003934       0x48 build/sx1272.o
                0x0000000008003934                SX1272IsChannelFree
 .text.SX1272Random
                0x000000000800397c       0x56 build/sx1272.o
                0x000000000800397c                SX1272Random
 *fill*         0x00000000080039d2        0x2 
 .text.SX1272SetRxConfig
                0x00000000080039d4      0x45c build/sx1272.o
                0x00000000080039d4                SX1272SetRxConfig
 .text.SX1272SetTxConfig
                0x0000000008003e30      0x36c build/sx1272.o
                0x0000000008003e30                SX1272SetTxConfig
 .text.SX1272SetTxContinuousWave
                0x000000000800419c       0xa4 build/sx1272.o
                0x000000000800419c                SX1272SetTxContinuousWave
 .text.SX1272OnDio2Irq
                0x0000000008004240      0x148 build/sx1272.o
                0x0000000008004240                SX1272OnDio2Irq
 .text.SX1272OnDio3Irq
                0x0000000008004388       0x74 build/sx1272.o
                0x0000000008004388                SX1272OnDio3Irq
 .text.SX1272Send
                0x00000000080043fc      0x178 build/sx1272.o
                0x00000000080043fc                SX1272Send
 .text.SX1272OnDio0Irq
                0x0000000008004574      0x354 build/sx1272.o
                0x0000000008004574                SX1272OnDio0Irq
 .text.SX1272OnDio1Irq
                0x00000000080048c8      0x128 build/sx1272.o
                0x00000000080048c8                SX1272OnDio1Irq
 .text.SX1272SetMaxPayloadLength
                0x00000000080049f0       0x48 build/sx1272.o
                0x00000000080049f0                SX1272SetMaxPayloadLength
 .text.SX1272SetPublicNetwork
                0x0000000008004a38       0x40 build/sx1272.o
                0x0000000008004a38                SX1272SetPublicNetwork
 .text.SX1272OnTimeoutIrq
                0x0000000008004a78      0x108 build/sx1272.o
                0x0000000008004a78                SX1272OnTimeoutIrq
 .text.SX1272GetRadioWakeUpTime
                0x0000000008004b80       0x14 build/sx1272.o
                0x0000000008004b80                SX1272GetRadioWakeUpTime
 .text.DelayMs  0x0000000008004b94        0x8 build/delay.o
                0x0000000008004b94                DelayMs
 .text.TimerSetTimeout
                0x0000000008004b9c       0x2c build/timeServer.o
 .text.TimerInit
                0x0000000008004bc8        0xe build/timeServer.o
                0x0000000008004bc8                TimerInit
 *fill*         0x0000000008004bd6        0x2 
 .text.TimerStart
                0x0000000008004bd8       0xac build/timeServer.o
                0x0000000008004bd8                TimerStart
 .text.TimerIrqHandler
                0x0000000008004c84       0x84 build/timeServer.o
                0x0000000008004c84                TimerIrqHandler
 .text.TimerStop
                0x0000000008004d08       0x80 build/timeServer.o
                0x0000000008004d08                TimerStop
 .text.TimerSetValue
                0x0000000008004d88       0x24 build/timeServer.o
                0x0000000008004d88                TimerSetValue
 .text.TimerGetCurrentTime
                0x0000000008004dac        0xc build/timeServer.o
                0x0000000008004dac                TimerGetCurrentTime
 .text.TimerGetElapsedTime
                0x0000000008004db8       0x18 build/timeServer.o
                0x0000000008004db8                TimerGetElapsedTime
 .text.memcpy1  0x0000000008004dd0       0x16 build/utilities.o
                0x0000000008004dd0                memcpy1
 *fill*         0x0000000008004de6        0x2 
 .text.LowPower_Disable
                0x0000000008004de8       0x18 build/low_power.o
                0x0000000008004de8                LowPower_Disable
 .text.LowPower_Enable
                0x0000000008004e00       0x18 build/low_power.o
                0x0000000008004e00                LowPower_Enable
 .text.LowPower_GetState
                0x0000000008004e18        0xc build/low_power.o
                0x0000000008004e18                LowPower_GetState
 .text.vcom_Init
                0x0000000008004e24       0x4c build/vcom.o
                0x0000000008004e24                vcom_Init
 .text.vcom_Send
                0x0000000008004e70       0x9c build/vcom.o
                0x0000000008004e70                vcom_Send
 .text.vcom_Print
                0x0000000008004f0c       0x60 build/vcom.o
                0x0000000008004f0c                vcom_Print
 .text.vcom_IoInit
                0x0000000008004f6c       0x58 build/vcom.o
                0x0000000008004f6c                vcom_IoInit
 .text.HAL_UART_MspInit
                0x0000000008004fc4       0x18 build/vcom.o
                0x0000000008004fc4                HAL_UART_MspInit
 .text.HW_Init  0x0000000008004fdc       0x2c build/stm32l0xx_hw.o
                0x0000000008004fdc                HW_Init
 .text.SystemClock_Config
                0x0000000008005008       0xa4 build/stm32l0xx_hw.o
                0x0000000008005008                SystemClock_Config
 .text.HW_RTC_GetCalendarValue
                0x00000000080050ac       0xb0 build/hw_rtc.o
 .text.HW_RTC_Init
                0x000000000800515c       0x94 build/hw_rtc.o
                0x000000000800515c                HW_RTC_Init
 .text.HW_RTC_GetMinimumTimeout
                0x00000000080051f0        0x4 build/hw_rtc.o
                0x00000000080051f0                HW_RTC_GetMinimumTimeout
 .text.HW_RTC_ms2Tick
                0x00000000080051f4       0x10 build/hw_rtc.o
                0x00000000080051f4                HW_RTC_ms2Tick
 .text.HW_RTC_Tick2ms
                0x0000000008005204       0x22 build/hw_rtc.o
                0x0000000008005204                HW_RTC_Tick2ms
 *fill*         0x0000000008005226        0x2 
 .text.HW_RTC_SetAlarm
                0x0000000008005228      0x1b0 build/hw_rtc.o
                0x0000000008005228                HW_RTC_SetAlarm
 .text.HW_RTC_GetTimerElapsedTime
                0x00000000080053d8       0x1c build/hw_rtc.o
                0x00000000080053d8                HW_RTC_GetTimerElapsedTime
 .text.HW_RTC_GetTimerValue
                0x00000000080053f4       0x10 build/hw_rtc.o
                0x00000000080053f4                HW_RTC_GetTimerValue
 .text.HW_RTC_StopAlarm
                0x0000000008005404       0x24 build/hw_rtc.o
                0x0000000008005404                HW_RTC_StopAlarm
 .text.HW_RTC_IrqHandler
                0x0000000008005428       0x44 build/hw_rtc.o
                0x0000000008005428                HW_RTC_IrqHandler
 .text.HW_RTC_DelayMs
                0x000000000800546c       0x32 build/hw_rtc.o
                0x000000000800546c                HW_RTC_DelayMs
 *fill*         0x000000000800549e        0x2 
 .text.HW_RTC_SetTimerContext
                0x00000000080054a0       0x18 build/hw_rtc.o
                0x00000000080054a0                HW_RTC_SetTimerContext
 .text.HW_RTC_GetTimerContext
                0x00000000080054b8        0xc build/hw_rtc.o
                0x00000000080054b8                HW_RTC_GetTimerContext
 .text.HAL_InitTick
                0x00000000080054c4        0x4 build/stm32l0xx_hal_msp.o
                0x00000000080054c4                HAL_InitTick
 .text.HAL_Delay
                0x00000000080054c8       0x10 build/stm32l0xx_hal_msp.o
                0x00000000080054c8                HAL_Delay
 .text.HAL_MspInit
                0x00000000080054d8       0x30 build/stm32l0xx_hal_msp.o
                0x00000000080054d8                HAL_MspInit
 .text.HAL_RTC_MspInit
                0x0000000008005508       0x6c build/stm32l0xx_hal_msp.o
                0x0000000008005508                HAL_RTC_MspInit
 .text.HAL_RTC_AlarmAEventCallback
                0x0000000008005574        0x8 build/stm32l0xx_hal_msp.o
                0x0000000008005574                HAL_RTC_AlarmAEventCallback
 .text.HAL_GPIO_EXTI_Callback
                0x000000000800557c        0x8 build/stm32l0xx_hal_msp.o
                0x000000000800557c                HAL_GPIO_EXTI_Callback
 .text.MSP_GetIRQn
                0x0000000008005584       0x1c build/stm32l0xx_hal_msp.o
                0x0000000008005584                MSP_GetIRQn
 .text.DBG_Init
                0x00000000080055a0       0x64 build/debug.o
                0x00000000080055a0                DBG_Init
 .text._Error_Handler
                0x0000000008005604       0x14 build/debug.o
                0x0000000008005604                _Error_Handler
 .text.MX_I2C1_Init
                0x0000000008005618       0x70 build/hw_i2c.o
                0x0000000008005618                MX_I2C1_Init
 .text.HAL_I2C_MspInit
                0x0000000008005688       0x48 build/hw_i2c.o
                0x0000000008005688                HAL_I2C_MspInit
 .text.HW_GPIO_Init
                0x00000000080056d0       0xa0 build/hw_gpio.o
                0x00000000080056d0                HW_GPIO_Init
 .text.HW_GPIO_SetIrq
                0x0000000008005770       0x60 build/hw_gpio.o
                0x0000000008005770                HW_GPIO_SetIrq
 .text.HW_GPIO_IrqHandler
                0x00000000080057d0       0x4c build/hw_gpio.o
                0x00000000080057d0                HW_GPIO_IrqHandler
 .text.HW_GPIO_Write
                0x000000000800581c        0xa build/hw_gpio.o
                0x000000000800581c                HW_GPIO_Write
 *fill*         0x0000000008005826        0x2 
 .text.HW_SPI_IoInit
                0x0000000008005828       0x60 build/hw_spi.o
                0x0000000008005828                HW_SPI_IoInit
 .text.HW_SPI_Init
                0x0000000008005888       0x98 build/hw_spi.o
                0x0000000008005888                HW_SPI_Init
 .text.HW_SPI_InOut
                0x0000000008005920       0x28 build/hw_spi.o
                0x0000000008005920                HW_SPI_InOut
 .text.main     0x0000000008005948       0x70 build/main.o
                0x0000000008005948                main
 .text.SystemInit
                0x00000000080059b8       0x5c build/system_stm32l0xx.o
                0x00000000080059b8                SystemInit
 .text.NMI_Handler
                0x0000000008005a14        0x2 build/stm32l0xx_it.o
                0x0000000008005a14                NMI_Handler
 *fill*         0x0000000008005a16        0x2 
 .text.HardFault_Handler
                0x0000000008005a18       0x10 build/stm32l0xx_it.o
                0x0000000008005a18                HardFault_Handler
 .text.SVC_Handler
                0x0000000008005a28        0x2 build/stm32l0xx_it.o
                0x0000000008005a28                SVC_Handler
 .text.PendSV_Handler
                0x0000000008005a2a        0x2 build/stm32l0xx_it.o
                0x0000000008005a2a                PendSV_Handler
 .text.SysTick_Handler
                0x0000000008005a2c        0x8 build/stm32l0xx_it.o
                0x0000000008005a2c                SysTick_Handler
 .text.USART2_IRQHandler
                0x0000000008005a34        0x8 build/stm32l0xx_it.o
                0x0000000008005a34                USART2_IRQHandler
 .text.RTC_IRQHandler
                0x0000000008005a3c        0x8 build/stm32l0xx_it.o
                0x0000000008005a3c                RTC_IRQHandler
 .text.EXTI0_1_IRQHandler
                0x0000000008005a44       0x10 build/stm32l0xx_it.o
                0x0000000008005a44                EXTI0_1_IRQHandler
 .text.EXTI2_3_IRQHandler
                0x0000000008005a54       0x10 build/stm32l0xx_it.o
                0x0000000008005a54                EXTI2_3_IRQHandler
 .text.EXTI4_15_IRQHandler
                0x0000000008005a64       0x5c build/stm32l0xx_it.o
                0x0000000008005a64                EXTI4_15_IRQHandler
 .text.user_delay_ms
                0x0000000008005ac0        0x8 build/voc_sensor.o
 .text.user_i2c_write
                0x0000000008005ac8       0x38 build/voc_sensor.o
 .text.user_i2c_read
                0x0000000008005b00       0x3c build/voc_sensor.o
 .text.voc_init
                0x0000000008005b3c       0x78 build/voc_sensor.o
                0x0000000008005b3c                voc_init
 .text.voc_measure
                0x0000000008005bb4       0xb4 build/voc_sensor.o
                0x0000000008005bb4                voc_measure
 .text.set_mem_page
                0x0000000008005c68       0x98 build/bme680.o
 .text.get_mem_page
                0x0000000008005d00       0x5a build/bme680.o
 .text.bme680_get_regs
                0x0000000008005d5a       0x74 build/bme680.o
                0x0000000008005d5a                bme680_get_regs
 .text.bme680_set_regs
                0x0000000008005dce       0xde build/bme680.o
                0x0000000008005dce                bme680_set_regs
 .text.bme680_soft_reset
                0x0000000008005eac       0x86 build/bme680.o
                0x0000000008005eac                bme680_soft_reset
 .text.bme680_init
                0x0000000008005f32      0x1ec build/bme680.o
                0x0000000008005f32                bme680_init
 .text.bme680_set_sensor_mode
                0x000000000800611e       0xba build/bme680.o
                0x000000000800611e                bme680_set_sensor_mode
 .text.bme680_set_sensor_settings
                0x00000000080061d8      0x448 build/bme680.o
                0x00000000080061d8                bme680_set_sensor_settings
 .text.bme680_get_profile_dur
                0x0000000008006620       0x48 build/bme680.o
                0x0000000008006620                bme680_get_profile_dur
 .text.bme680_get_sensor_data
                0x0000000008006668      0x3e0 build/bme680.o
                0x0000000008006668                bme680_get_sensor_data
 .text.Reset_Handler
                0x0000000008006a48       0x50 build/startup_stm32l073xx.o
                0x0000000008006a48                Reset_Handler
 .text.Default_Handler
                0x0000000008006a98        0x2 build/startup_stm32l073xx.o
                0x0000000008006a98                TSC_IRQHandler
                0x0000000008006a98                ADC1_COMP_IRQHandler
                0x0000000008006a98                PVD_IRQHandler
                0x0000000008006a98                I2C1_IRQHandler
                0x0000000008006a98                RCC_CRS_IRQHandler
                0x0000000008006a98                SPI1_IRQHandler
                0x0000000008006a98                TIM6_DAC_IRQHandler
                0x0000000008006a98                I2C2_IRQHandler
                0x0000000008006a98                LCD_IRQHandler
                0x0000000008006a98                DMA1_Channel4_5_6_7_IRQHandler
                0x0000000008006a98                TIM3_IRQHandler
                0x0000000008006a98                DMA1_Channel1_IRQHandler
                0x0000000008006a98                USART4_5_IRQHandler
                0x0000000008006a98                Default_Handler
                0x0000000008006a98                TIM22_IRQHandler
                0x0000000008006a98                TIM7_IRQHandler
                0x0000000008006a98                USB_IRQHandler
                0x0000000008006a98                I2C3_IRQHandler
                0x0000000008006a98                SPI2_IRQHandler
                0x0000000008006a98                TIM21_IRQHandler
                0x0000000008006a98                WWDG_IRQHandler
                0x0000000008006a98                TIM2_IRQHandler
                0x0000000008006a98                DMA1_Channel2_3_IRQHandler
                0x0000000008006a98                FLASH_IRQHandler
                0x0000000008006a98                USART1_IRQHandler
                0x0000000008006a98                RNG_LPUART1_IRQHandler
                0x0000000008006a98                LPTIM1_IRQHandler
 *fill*         0x0000000008006a9a        0x2 
 .text.atexit   0x0000000008006a9c       0x10 /usr/lib/gcc/arm-none-eabi/7.2.0/../../../../arm-none-eabi/lib/armv6-m/libc.a(lib_a-atexit.o)
                0x0000000008006a9c                atexit
 .text.__libc_fini_array
                0x0000000008006aac       0x34 /usr/lib/gcc/arm-none-eabi/7.2.0/../../../../arm-none-eabi/lib/armv6-m/libc.a(lib_a-fini.o)
                0x0000000008006aac                __libc_fini_array
 .text.__libc_init_array
                0x0000000008006ae0       0x48 /usr/lib/gcc/arm-none-eabi/7.2.0/../../../../arm-none-eabi/lib/armv6-m/libc.a(lib_a-init.o)
                0x0000000008006ae0                __libc_init_array
 .text.memcpy   0x0000000008006b28       0x88 /usr/lib/gcc/arm-none-eabi/7.2.0/../../../../arm-none-eabi/lib/armv6-m/libc.a(lib_a-memcpy-stub.o)
                0x0000000008006b28                memcpy
 .text.memset   0x0000000008006bb0       0x9c /usr/lib/gcc/arm-none-eabi/7.2.0/../../../../arm-none-eabi/lib/armv6-m/libc.a(lib_a-memset.o)
                0x0000000008006bb0                memset
 .text._vsprintf_r
                0x0000000008006c4c       0x2c /usr/lib/gcc/arm-none-eabi/7.2.0/../../../../arm-none-eabi/lib/armv6-m/libc.a(lib_a-vsprintf.o)
                0x0000000008006c4c                _vsprintf_r
 .text.vsprintf
                0x0000000008006c78       0x18 /usr/lib/gcc/arm-none-eabi/7.2.0/../../../../arm-none-eabi/lib/armv6-m/libc.a(lib_a-vsprintf.o)
                0x0000000008006c78                vsprintf
 .text.__register_exitproc
                0x0000000008006c90       0xd4 /usr/lib/gcc/arm-none-eabi/7.2.0/../../../../arm-none-eabi/lib/armv6-m/libc.a(lib_a-__atexit.o)
                0x0000000008006c90                __register_exitproc
 .text.startup.register_fini
                0x0000000008006d64       0x18 /usr/lib/gcc/arm-none-eabi/7.2.0/../../../../arm-none-eabi/lib/armv6-m/libc.a(lib_a-__call_atexit.o)
 .text._svfprintf_r
                0x0000000008006d7c     0x15b4 /usr/lib/gcc/arm-none-eabi/7.2.0/../../../../arm-none-eabi/lib/armv6-m/libc.a(lib_a-svfprintf.o)
                0x0000000008006d7c                _svfprintf_r
 .text.quorem   0x0000000008008330      0x154 /usr/lib/gcc/arm-none-eabi/7.2.0/../../../../arm-none-eabi/lib/armv6-m/libc.a(lib_a-dtoa.o)
 .text._dtoa_r  0x0000000008008484      0xf54 /usr/lib/gcc/arm-none-eabi/7.2.0/../../../../arm-none-eabi/lib/armv6-m/libc.a(lib_a-dtoa.o)
                0x0000000008008484                _dtoa_r
 .text._localeconv_r
                0x00000000080093d8       0x18 /usr/lib/gcc/arm-none-eabi/7.2.0/../../../../arm-none-eabi/lib/armv6-m/libc.a(lib_a-localeconv.o)
                0x00000000080093d8                _localeconv_r
 .text._malloc_r
                0x00000000080093f0      0x554 /usr/lib/gcc/arm-none-eabi/7.2.0/../../../../arm-none-eabi/lib/armv6-m/libc.a(lib_a-mallocr.o)
                0x00000000080093f0                _malloc_r
 .text.__ascii_mbtowc
                0x0000000008009944       0x2c /usr/lib/gcc/arm-none-eabi/7.2.0/../../../../arm-none-eabi/lib/armv6-m/libc.a(lib_a-mbtowc_r.o)
                0x0000000008009944                __ascii_mbtowc
 .text.memchr   0x0000000008009970       0x80 /usr/lib/gcc/arm-none-eabi/7.2.0/../../../../arm-none-eabi/lib/armv6-m/libc.a(lib_a-memchr-stub.o)
                0x0000000008009970                memchr
 .text.__malloc_lock
                0x00000000080099f0        0x4 /usr/lib/gcc/arm-none-eabi/7.2.0/../../../../arm-none-eabi/lib/armv6-m/libc.a(lib_a-mlock.o)
                0x00000000080099f0                __malloc_lock
 .text.__malloc_unlock
                0x00000000080099f4        0x4 /usr/lib/gcc/arm-none-eabi/7.2.0/../../../../arm-none-eabi/lib/armv6-m/libc.a(lib_a-mlock.o)
                0x00000000080099f4                __malloc_unlock
 .text._Balloc  0x00000000080099f8       0x50 /usr/lib/gcc/arm-none-eabi/7.2.0/../../../../arm-none-eabi/lib/armv6-m/libc.a(lib_a-mprec.o)
                0x00000000080099f8                _Balloc
 .text._Bfree   0x0000000008009a48       0x14 /usr/lib/gcc/arm-none-eabi/7.2.0/../../../../arm-none-eabi/lib/armv6-m/libc.a(lib_a-mprec.o)
                0x0000000008009a48                _Bfree
 .text.__multadd
                0x0000000008009a5c       0x8c /usr/lib/gcc/arm-none-eabi/7.2.0/../../../../arm-none-eabi/lib/armv6-m/libc.a(lib_a-mprec.o)
                0x0000000008009a5c                __multadd
 .text.__hi0bits
                0x0000000008009ae8       0x38 /usr/lib/gcc/arm-none-eabi/7.2.0/../../../../arm-none-eabi/lib/armv6-m/libc.a(lib_a-mprec.o)
                0x0000000008009ae8                __hi0bits
 .text.__lo0bits
                0x0000000008009b20       0x5c /usr/lib/gcc/arm-none-eabi/7.2.0/../../../../arm-none-eabi/lib/armv6-m/libc.a(lib_a-mprec.o)
                0x0000000008009b20                __lo0bits
 .text.__i2b    0x0000000008009b7c       0x14 /usr/lib/gcc/arm-none-eabi/7.2.0/../../../../arm-none-eabi/lib/armv6-m/libc.a(lib_a-mprec.o)
                0x0000000008009b7c                __i2b
 .text.__multiply
                0x0000000008009b90      0x178 /usr/lib/gcc/arm-none-eabi/7.2.0/../../../../arm-none-eabi/lib/armv6-m/libc.a(lib_a-mprec.o)
                0x0000000008009b90                __multiply
 .text.__pow5mult
                0x0000000008009d08       0xc0 /usr/lib/gcc/arm-none-eabi/7.2.0/../../../../arm-none-eabi/lib/armv6-m/libc.a(lib_a-mprec.o)
                0x0000000008009d08                __pow5mult
 .text.__lshift
                0x0000000008009dc8       0xc8 /usr/lib/gcc/arm-none-eabi/7.2.0/../../../../arm-none-eabi/lib/armv6-m/libc.a(lib_a-mprec.o)
                0x0000000008009dc8                __lshift
 .text.__mcmp   0x0000000008009e90       0x34 /usr/lib/gcc/arm-none-eabi/7.2.0/../../../../arm-none-eabi/lib/armv6-m/libc.a(lib_a-mprec.o)
                0x0000000008009e90                __mcmp
 .text.__mdiff  0x0000000008009ec4      0x124 /usr/lib/gcc/arm-none-eabi/7.2.0/../../../../arm-none-eabi/lib/armv6-m/libc.a(lib_a-mprec.o)
                0x0000000008009ec4                __mdiff
 .text.__d2b    0x0000000008009fe8       0xbc /usr/lib/gcc/arm-none-eabi/7.2.0/../../../../arm-none-eabi/lib/armv6-m/libc.a(lib_a-mprec.o)
                0x0000000008009fe8                __d2b
 .text._sbrk_r  0x000000000800a0a4       0x24 /usr/lib/gcc/arm-none-eabi/7.2.0/../../../../arm-none-eabi/lib/armv6-m/libc.a(lib_a-sbrkr.o)
                0x000000000800a0a4                _sbrk_r
 .text.strlen   0x000000000800a0c8       0x64 /usr/lib/gcc/arm-none-eabi/7.2.0/../../../../arm-none-eabi/lib/armv6-m/libc.a(lib_a-strlen-stub.o)
                0x000000000800a0c8                strlen
 .text.__ssprint_r
                0x000000000800a12c      0x118 /usr/lib/gcc/arm-none-eabi/7.2.0/../../../../arm-none-eabi/lib/armv6-m/libc.a(lib_a-svfiprintf.o)
                0x000000000800a12c                __ssprint_r
 .text.__ascii_wctomb
                0x000000000800a244       0x1c /usr/lib/gcc/arm-none-eabi/7.2.0/../../../../arm-none-eabi/lib/armv6-m/libc.a(lib_a-wctomb_r.o)
                0x000000000800a244                __ascii_wctomb
 .text._calloc_r
                0x000000000800a260       0x58 /usr/lib/gcc/arm-none-eabi/7.2.0/../../../../arm-none-eabi/lib/armv6-m/libc.a(lib_a-callocr.o)
                0x000000000800a260                _calloc_r
 .text._malloc_trim_r
                0x000000000800a2b8       0xa0 /usr/lib/gcc/arm-none-eabi/7.2.0/../../../../arm-none-eabi/lib/armv6-m/libc.a(lib_a-freer.o)
                0x000000000800a2b8                _malloc_trim_r
 .text._free_r  0x000000000800a358      0x1d4 /usr/lib/gcc/arm-none-eabi/7.2.0/../../../../arm-none-eabi/lib/armv6-m/libc.a(lib_a-freer.o)
                0x000000000800a358                _free_r
 .text.memmove  0x000000000800a52c       0x9c /usr/lib/gcc/arm-none-eabi/7.2.0/../../../../arm-none-eabi/lib/armv6-m/libc.a(lib_a-memmove.o)
                0x000000000800a52c                memmove
 .text._realloc_r
                0x000000000800a5c8      0x3b0 /usr/lib/gcc/arm-none-eabi/7.2.0/../../../../arm-none-eabi/lib/armv6-m/libc.a(lib_a-reallocr.o)
                0x000000000800a5c8                _realloc_r
 .text.ceil     0x000000000800a978      0x128 /usr/lib/gcc/arm-none-eabi/7.2.0/../../../../arm-none-eabi/lib/armv6-m/libm.a(lib_a-s_ceil.o)
                0x000000000800a978                ceil
 .text.floor    0x000000000800aaa0      0x138 /usr/lib/gcc/arm-none-eabi/7.2.0/../../../../arm-none-eabi/lib/armv6-m/libm.a(lib_a-s_floor.o)
                0x000000000800aaa0                floor
 .text.round    0x000000000800abd8       0xb0 /usr/lib/gcc/arm-none-eabi/7.2.0/../../../../arm-none-eabi/lib/armv6-m/libm.a(lib_a-s_round.o)
                0x000000000800abd8                round
 .text._sbrk    0x000000000800ac88       0x1c /usr/lib/gcc/arm-none-eabi/7.2.0/../../../../arm-none-eabi/lib/armv6-m/libnosys.a(sbrk.o)
                0x000000000800ac88                _sbrk
 .text.__muldi3
                0x000000000800aca4       0x44 /usr/lib/gcc/arm-none-eabi/7.2.0/armv6-m/libgcc.a(_muldi3.o)
                0x000000000800aca4                __aeabi_lmul
                0x000000000800aca4                __muldi3
 .text.__fixunsdfsi
                0x000000000800ace8       0x38 /usr/lib/gcc/arm-none-eabi/7.2.0/armv6-m/libgcc.a(_fixunsdfsi.o)
                0x000000000800ace8                __fixunsdfsi
                0x000000000800ace8                __aeabi_d2uiz
 .text.__udivmoddi4
                0x000000000800ad20       0xe2 /usr/lib/gcc/arm-none-eabi/7.2.0/armv6-m/libgcc.a(_udivmoddi4.o)
                0x000000000800ad20                __udivmoddi4
 .text.__gnu_ldivmod_helper
                0x000000000800ae02       0x34 /usr/lib/gcc/arm-none-eabi/7.2.0/armv6-m/libgcc.a(bpabi.o)
                0x000000000800ae02                __gnu_ldivmod_helper
 *fill*         0x000000000800ae36        0x2 
 .text.__aeabi_fdiv
                0x000000000800ae38      0x1bc /usr/lib/gcc/arm-none-eabi/7.2.0/armv6-m/libgcc.a(divsf3.o)
                0x000000000800ae38                __aeabi_fdiv
 .text.__aeabi_i2f
                0x000000000800aff4       0x84 /usr/lib/gcc/arm-none-eabi/7.2.0/armv6-m/libgcc.a(floatsisf.o)
                0x000000000800aff4                __aeabi_i2f
 .text.__aeabi_ui2f
                0x000000000800b078       0x74 /usr/lib/gcc/arm-none-eabi/7.2.0/armv6-m/libgcc.a(floatunsisf.o)
                0x000000000800b078                __aeabi_ui2f
 .text.__aeabi_dadd
                0x000000000800b0ec      0x5b0 /usr/lib/gcc/arm-none-eabi/7.2.0/armv6-m/libgcc.a(adddf3.o)
                0x000000000800b0ec                __aeabi_dadd
 .text.__aeabi_ddiv
                0x000000000800b69c      0x4fc /usr/lib/gcc/arm-none-eabi/7.2.0/armv6-m/libgcc.a(divdf3.o)
                0x000000000800b69c                __aeabi_ddiv
 .text.__eqdf2  0x000000000800bb98       0x70 /usr/lib/gcc/arm-none-eabi/7.2.0/armv6-m/libgcc.a(eqdf2.o)
                0x000000000800bb98                __eqdf2
                0x000000000800bb98                __nedf2
 .text.__gedf2  0x000000000800bc08       0xc0 /usr/lib/gcc/arm-none-eabi/7.2.0/armv6-m/libgcc.a(gedf2.o)
                0x000000000800bc08                __gtdf2
                0x000000000800bc08                __gedf2
 .text.__ledf2  0x000000000800bcc8       0xc4 /usr/lib/gcc/arm-none-eabi/7.2.0/armv6-m/libgcc.a(ledf2.o)
                0x000000000800bcc8                __ltdf2
                0x000000000800bcc8                __ledf2
 .text.__aeabi_dmul
                0x000000000800bd8c      0x44c /usr/lib/gcc/arm-none-eabi/7.2.0/armv6-m/libgcc.a(muldf3.o)
                0x000000000800bd8c                __aeabi_dmul
 .text.__aeabi_dsub
                0x000000000800c1d8      0x5c0 /usr/lib/gcc/arm-none-eabi/7.2.0/armv6-m/libgcc.a(subdf3.o)
                0x000000000800c1d8                __aeabi_dsub
 .text.__aeabi_dcmpun
                0x000000000800c798       0x34 /usr/lib/gcc/arm-none-eabi/7.2.0/armv6-m/libgcc.a(unorddf2.o)
                0x000000000800c798                __aeabi_dcmpun
 .text.__aeabi_d2iz
                0x000000000800c7cc       0x68 /usr/lib/gcc/arm-none-eabi/7.2.0/armv6-m/libgcc.a(fixdfsi.o)
                0x000000000800c7cc                __aeabi_d2iz
 .text.__aeabi_i2d
                0x000000000800c834       0x68 /usr/lib/gcc/arm-none-eabi/7.2.0/armv6-m/libgcc.a(floatsidf.o)
                0x000000000800c834                __aeabi_i2d
 .text.__aeabi_ui2d
                0x000000000800c89c       0x54 /usr/lib/gcc/arm-none-eabi/7.2.0/armv6-m/libgcc.a(floatunsidf.o)
                0x000000000800c89c                __aeabi_ui2d
 .text.__aeabi_f2d
                0x000000000800c8f0       0xa0 /usr/lib/gcc/arm-none-eabi/7.2.0/armv6-m/libgcc.a(extendsfdf2.o)
                0x000000000800c8f0                __aeabi_f2d
 .text.__divdi3
                0x000000000800c990      0x130 /usr/lib/gcc/arm-none-eabi/7.2.0/armv6-m/libgcc.a(_divdi3.o)
                0x000000000800c990                __divdi3
 *(.glue_7)
 .glue_7        0x000000000800cac0        0x0 linker stubs
 *(.glue_7t)
 .glue_7t       0x000000000800cac0        0x0 linker stubs
 *(.eh_frame)
 .eh_frame      0x000000000800cac0        0x0 /usr/lib/gcc/arm-none-eabi/7.2.0/armv6-m/crtbegin.o
 *(.init)
 .init          0x000000000800cac0        0x4 /usr/lib/gcc/arm-none-eabi/7.2.0/armv6-m/crti.o
                0x000000000800cac0                _init
 .init          0x000000000800cac4        0x8 /usr/lib/gcc/arm-none-eabi/7.2.0/armv6-m/crtn.o
 *(.fini)
 .fini          0x000000000800cacc        0x4 /usr/lib/gcc/arm-none-eabi/7.2.0/armv6-m/crti.o
                0x000000000800cacc                _fini
 .fini          0x000000000800cad0        0x8 /usr/lib/gcc/arm-none-eabi/7.2.0/armv6-m/crtn.o
                0x000000000800cad8                . = ALIGN (0x4)
                0x000000000800cad8                _etext = .

.vfp11_veneer   0x000000000800cad8        0x0
 .vfp11_veneer  0x000000000800cad8        0x0 linker stubs

.v4_bx          0x000000000800cad8        0x0
 .v4_bx         0x000000000800cad8        0x0 linker stubs

.iplt           0x000000000800cad8        0x0
 .iplt          0x000000000800cad8        0x0 /usr/lib/gcc/arm-none-eabi/7.2.0/armv6-m/crtbegin.o

.rodata         0x000000000800cad8      0x748
                0x000000000800cad8                . = ALIGN (0x4)
 *(.rodata)
 *(.rodata*)
 .rodata.I2C_WaitOnTXISFlagUntilTimeout.str1.4
                0x000000000800cad8       0x6d build/stm32l0xx_hal_i2c.o
 *fill*         0x000000000800cb45        0x3 
 .rodata.UART_SetConfig
                0x000000000800cb48       0x48 build/stm32l0xx_hal_uart.o
 .rodata.Radio  0x000000000800cb90       0x68 build/sx1272mb2das.o
                0x000000000800cb90                Radio
 .rodata.FskBandwidths
                0x000000000800cbf8       0xb0 build/sx1272.o
                0x000000000800cbf8                FskBandwidths
 .rodata.RadioRegsInit
                0x000000000800cca8       0x33 build/sx1272.o
                0x000000000800cca8                RadioRegsInit
 *fill*         0x000000000800ccdb        0x1 
 .rodata.SX1272OnDio0Irq.str1.4
                0x000000000800ccdc       0x15 build/sx1272.o
 *fill*         0x000000000800ccf1        0x3 
 .rodata.SX1272OnDio1Irq.str1.4
                0x000000000800ccf4        0xc build/sx1272.o
 .rodata.vcom_Init.str1.4
                0x000000000800cd00        0xd build/vcom.o
 *fill*         0x000000000800cd0d        0x3 
 .rodata.SystemClock_Config.str1.4
                0x000000000800cd10       0x15 build/stm32l0xx_hw.o
 *fill*         0x000000000800cd25        0x3 
 .rodata.DaysInMonth
                0x000000000800cd28        0xc build/hw_rtc.o
 .rodata.DaysInMonthLeapYear
                0x000000000800cd34        0xc build/hw_rtc.o
 .rodata.HAL_RTC_MspInit.str1.4
                0x000000000800cd40       0x1a build/stm32l0xx_hal_msp.o
 *fill*         0x000000000800cd5a        0x2 
 .rodata._Error_Handler.str1.4
                0x000000000800cd5c       0x12 build/debug.o
 *fill*         0x000000000800cd6e        0x2 
 .rodata.MX_I2C1_Init.str1.4
                0x000000000800cd70        0xf build/hw_i2c.o
 *fill*         0x000000000800cd7f        0x1 
 .rodata.HW_SPI_Init.str1.4
                0x000000000800cd80        0xf build/hw_spi.o
 *fill*         0x000000000800cd8f        0x1 
 .rodata.AHBPrescTable
                0x000000000800cd90       0x10 build/system_stm32l0xx.o
                0x000000000800cd90                AHBPrescTable
 .rodata.APBPrescTable
                0x000000000800cda0        0x8 build/system_stm32l0xx.o
                0x000000000800cda0                APBPrescTable
 .rodata.PLLMulTable
                0x000000000800cda8        0x9 build/system_stm32l0xx.o
                0x000000000800cda8                PLLMulTable
 *fill*         0x000000000800cdb1        0x3 
 .rodata.HardFault_Handler.str1.4
                0x000000000800cdb4        0xf build/stm32l0xx_it.o
 *fill*         0x000000000800cdc3        0x1 
 .rodata.voc_init.str1.4
                0x000000000800cdc4       0x34 build/voc_sensor.o
 .rodata.voc_measure.str1.4
                0x000000000800cdf8       0x35 build/voc_sensor.o
                                         0x3b (size before relaxing)
 *fill*         0x000000000800ce2d        0x3 
 .rodata._global_impure_ptr
                0x000000000800ce30        0x4 /usr/lib/gcc/arm-none-eabi/7.2.0/../../../../arm-none-eabi/lib/armv6-m/libc.a(lib_a-impure.o)
                0x000000000800ce30                _global_impure_ptr
 .rodata._svfprintf_r
                0x000000000800ce34      0x164 /usr/lib/gcc/arm-none-eabi/7.2.0/../../../../arm-none-eabi/lib/armv6-m/libc.a(lib_a-svfprintf.o)
 .rodata._svfprintf_r.str1.4
                0x000000000800cf98       0x42 /usr/lib/gcc/arm-none-eabi/7.2.0/../../../../arm-none-eabi/lib/armv6-m/libc.a(lib_a-svfprintf.o)
 *fill*         0x000000000800cfda        0x2 
 .rodata.blanks.7252
                0x000000000800cfdc       0x10 /usr/lib/gcc/arm-none-eabi/7.2.0/../../../../arm-none-eabi/lib/armv6-m/libc.a(lib_a-svfprintf.o)
 .rodata.zeroes.7253
                0x000000000800cfec       0x10 /usr/lib/gcc/arm-none-eabi/7.2.0/../../../../arm-none-eabi/lib/armv6-m/libc.a(lib_a-svfprintf.o)
 .rodata._dtoa_r.str1.4
                0x000000000800cffc       0x10 /usr/lib/gcc/arm-none-eabi/7.2.0/../../../../arm-none-eabi/lib/armv6-m/libc.a(lib_a-dtoa.o)
                                         0x12 (size before relaxing)
 .rodata._setlocale_r.str1.4
                0x000000000800d00c        0xa /usr/lib/gcc/arm-none-eabi/7.2.0/../../../../arm-none-eabi/lib/armv6-m/libc.a(lib_a-locale.o)
                                          0xd (size before relaxing)
 *fill*         0x000000000800d016        0x2 
 .rodata.str1.4
                0x000000000800d018        0x4 /usr/lib/gcc/arm-none-eabi/7.2.0/../../../../arm-none-eabi/lib/armv6-m/libc.a(lib_a-locale.o)
                                          0x2 (size before relaxing)
 *fill*         0x000000000800d01c        0x4 
 .rodata.__mprec_bigtens
                0x000000000800d020       0x28 /usr/lib/gcc/arm-none-eabi/7.2.0/../../../../arm-none-eabi/lib/armv6-m/libc.a(lib_a-mprec.o)
                0x000000000800d020                __mprec_bigtens
 .rodata.__mprec_tens
                0x000000000800d048       0xc8 /usr/lib/gcc/arm-none-eabi/7.2.0/../../../../arm-none-eabi/lib/armv6-m/libc.a(lib_a-mprec.o)
                0x000000000800d048                __mprec_tens
 .rodata.p05.6068
                0x000000000800d110        0xc /usr/lib/gcc/arm-none-eabi/7.2.0/../../../../arm-none-eabi/lib/armv6-m/libc.a(lib_a-mprec.o)
 .rodata._ctype_
                0x000000000800d11c      0x101 /usr/lib/gcc/arm-none-eabi/7.2.0/../../../../arm-none-eabi/lib/armv6-m/libc.a(lib_a-ctype_.o)
                0x000000000800d11c                _ctype_
                0x000000000800d220                . = ALIGN (0x4)
 *fill*         0x000000000800d21d        0x3 

.ARM.extab
 *(.ARM.extab* .gnu.linkonce.armextab.*)

.ARM            0x000000000800d220        0x8
                0x000000000800d220                __exidx_start = .
 *(.ARM.exidx*)
 .ARM.exidx.text.__udivmoddi4
                0x000000000800d220        0x8 /usr/lib/gcc/arm-none-eabi/7.2.0/armv6-m/libgcc.a(_udivmoddi4.o)
 .ARM.exidx.text.__divdi3
                0x000000000800d228        0x0 /usr/lib/gcc/arm-none-eabi/7.2.0/armv6-m/libgcc.a(_divdi3.o)
                                          0x8 (size before relaxing)
                0x000000000800d228                __exidx_end = .

.rel.dyn        0x000000000800d228        0x0
 .rel.iplt      0x000000000800d228        0x0 /usr/lib/gcc/arm-none-eabi/7.2.0/armv6-m/crtbegin.o

.preinit_array  0x000000000800d228        0x0
                0x000000000800d228                PROVIDE (__preinit_array_start, .)
 *(.preinit_array*)
                0x000000000800d228                PROVIDE (__preinit_array_end, .)

.init_array     0x000000000800d228        0x8
                0x000000000800d228                PROVIDE (__init_array_start, .)
 *(SORT(.init_array.*))
 .init_array.00000
                0x000000000800d228        0x4 /usr/lib/gcc/arm-none-eabi/7.2.0/../../../../arm-none-eabi/lib/armv6-m/libc.a(lib_a-__call_atexit.o)
 *(.init_array*)
 .init_array    0x000000000800d22c        0x4 /usr/lib/gcc/arm-none-eabi/7.2.0/armv6-m/crtbegin.o
                0x000000000800d230                PROVIDE (__init_array_end, .)

.fini_array     0x000000000800d230        0x4
                0x000000000800d230                PROVIDE (__fini_array_start, .)
 *(SORT(.fini_array.*))
 *(.fini_array*)
 .fini_array    0x000000000800d230        0x4 /usr/lib/gcc/arm-none-eabi/7.2.0/armv6-m/crtbegin.o
                0x000000000800d234                PROVIDE (__fini_array_end, .)
                0x000000000800d234                _sidata = LOADADDR (.data)

.data           0x0000000020000000      0xa5c load address 0x000000000800d234
                0x0000000020000000                . = ALIGN (0x4)
                0x0000000020000000                _sdata = .
 *(.data)
 *(.data*)
 .data.BoardCallbacks
                0x0000000020000000       0x18 build/sx1272mb2das.o
 .data.DioIrq   0x0000000020000018       0x18 build/sx1272.o
                0x0000000020000018                DioIrq
 .data.SystemCoreClock
                0x0000000020000030        0x4 build/system_stm32l0xx.o
                0x0000000020000030                SystemCoreClock
 .data.lookupTable1
                0x0000000020000034       0x40 build/bme680.o
                0x0000000020000034                lookupTable1
 .data.lookupTable2
                0x0000000020000074       0x40 build/bme680.o
                0x0000000020000074                lookupTable2
 .data._impure_ptr
                0x00000000200000b4        0x4 /usr/lib/gcc/arm-none-eabi/7.2.0/../../../../arm-none-eabi/lib/armv6-m/libc.a(lib_a-impure.o)
                0x00000000200000b4                _impure_ptr
 .data.impure_data
                0x00000000200000b8      0x428 /usr/lib/gcc/arm-none-eabi/7.2.0/../../../../arm-none-eabi/lib/armv6-m/libc.a(lib_a-impure.o)
 .data.__global_locale
                0x00000000200004e0      0x16c /usr/lib/gcc/arm-none-eabi/7.2.0/../../../../arm-none-eabi/lib/armv6-m/libc.a(lib_a-locale.o)
                0x00000000200004e0                __global_locale
 .data.__malloc_av_
                0x000000002000064c      0x408 /usr/lib/gcc/arm-none-eabi/7.2.0/../../../../arm-none-eabi/lib/armv6-m/libc.a(lib_a-mallocr.o)
                0x000000002000064c                __malloc_av_
 .data.__malloc_sbrk_base
                0x0000000020000a54        0x4 /usr/lib/gcc/arm-none-eabi/7.2.0/../../../../arm-none-eabi/lib/armv6-m/libc.a(lib_a-mallocr.o)
                0x0000000020000a54                __malloc_sbrk_base
 .data.__malloc_trim_threshold
                0x0000000020000a58        0x4 /usr/lib/gcc/arm-none-eabi/7.2.0/../../../../arm-none-eabi/lib/armv6-m/libc.a(lib_a-mallocr.o)
                0x0000000020000a58                __malloc_trim_threshold
                0x0000000020000a5c                . = ALIGN (0x4)
                0x0000000020000a5c                _edata = .

.igot.plt       0x0000000020000a5c        0x0 load address 0x000000000800dc90
 .igot.plt      0x0000000020000a5c        0x0 /usr/lib/gcc/arm-none-eabi/7.2.0/armv6-m/crtbegin.o
                0x0000000020000a5c                . = ALIGN (0x4)

.bss            0x0000000020000a5c      0x52c load address 0x000000000800dc90
                0x0000000020000a5c                _sbss = .
                0x0000000020000a5c                __bss_start__ = _sbss
 *(.bss)
 *(.bss*)
 .bss.completed.8572
                0x0000000020000a5c        0x1 /usr/lib/gcc/arm-none-eabi/7.2.0/armv6-m/crtbegin.o
 *fill*         0x0000000020000a5d        0x3 
 .bss.object.8577
                0x0000000020000a60       0x18 /usr/lib/gcc/arm-none-eabi/7.2.0/armv6-m/crtbegin.o
 .bss.uwTick    0x0000000020000a78        0x4 build/stm32l0xx_hal.o
                0x0000000020000a78                uwTick
 .bss.LoRaBoardCallbacks
                0x0000000020000a7c        0x4 build/sx1272.o
 .bss.RadioEvents
                0x0000000020000a80        0x4 build/sx1272.o
 .bss.RxTimeoutSyncWord
                0x0000000020000a84       0x14 build/sx1272.o
                0x0000000020000a84                RxTimeoutSyncWord
 .bss.RxTimeoutTimer
                0x0000000020000a98       0x14 build/sx1272.o
                0x0000000020000a98                RxTimeoutTimer
 .bss.RxTxBuffer
                0x0000000020000aac      0x100 build/sx1272.o
 .bss.SX1272    0x0000000020000bac       0x68 build/sx1272.o
                0x0000000020000bac                SX1272
 .bss.TxTimeoutTimer
                0x0000000020000c14       0x14 build/sx1272.o
                0x0000000020000c14                TxTimeoutTimer
 .bss.TimerListHead
                0x0000000020000c28        0x4 build/timeServer.o
 .bss.LowPower_State
                0x0000000020000c2c        0x4 build/low_power.o
 .bss.UartHandle
                0x0000000020000c30       0x70 build/vcom.o
 .bss.buff      0x0000000020000ca0      0x100 build/vcom.o
 .bss.ir        0x0000000020000da0        0x2 build/vcom.o
 .bss.iw        0x0000000020000da2        0x2 build/vcom.o
                0x0000000020000da2                iw
 .bss.McuInitialized
                0x0000000020000da4        0x1 build/stm32l0xx_hw.o
 .bss.HW_RTC_Initalized
                0x0000000020000da5        0x1 build/hw_rtc.o
 .bss.McuWakeUpTimeCal
                0x0000000020000da6        0x2 build/hw_rtc.o
 .bss.RTC_AlarmStructure
                0x0000000020000da8       0x28 build/hw_rtc.o
 .bss.RtcHandle
                0x0000000020000dd0       0x24 build/hw_rtc.o
 .bss.RtcTimerContext
                0x0000000020000df4       0x1c build/hw_rtc.o
 .bss.hi2c1     0x0000000020000e10       0x4c build/hw_i2c.o
                0x0000000020000e10                hi2c1
 .bss.GpioIrq   0x0000000020000e5c       0x40 build/hw_gpio.o
 .bss.hspi      0x0000000020000e9c       0x58 build/hw_spi.o
 .bss.gas_sensor
                0x0000000020000ef4       0x58 build/voc_sensor.o
                0x0000000020000ef4                gas_sensor
 .bss.__malloc_current_mallinfo
                0x0000000020000f4c       0x28 /usr/lib/gcc/arm-none-eabi/7.2.0/../../../../arm-none-eabi/lib/armv6-m/libc.a(lib_a-mallocr.o)
                0x0000000020000f4c                __malloc_current_mallinfo
 .bss.__malloc_max_sbrked_mem
                0x0000000020000f74        0x4 /usr/lib/gcc/arm-none-eabi/7.2.0/../../../../arm-none-eabi/lib/armv6-m/libc.a(lib_a-mallocr.o)
                0x0000000020000f74                __malloc_max_sbrked_mem
 .bss.__malloc_max_total_mem
                0x0000000020000f78        0x4 /usr/lib/gcc/arm-none-eabi/7.2.0/../../../../arm-none-eabi/lib/armv6-m/libc.a(lib_a-mallocr.o)
                0x0000000020000f78                __malloc_max_total_mem
 .bss.__malloc_top_pad
                0x0000000020000f7c        0x4 /usr/lib/gcc/arm-none-eabi/7.2.0/../../../../arm-none-eabi/lib/armv6-m/libc.a(lib_a-mallocr.o)
                0x0000000020000f7c                __malloc_top_pad
 .bss.heap_end.4102
                0x0000000020000f80        0x4 /usr/lib/gcc/arm-none-eabi/7.2.0/../../../../arm-none-eabi/lib/armv6-m/libnosys.a(sbrk.o)
 *(COMMON)
 COMMON         0x0000000020000f84        0x4 /usr/lib/gcc/arm-none-eabi/7.2.0/../../../../arm-none-eabi/lib/armv6-m/libc.a(lib_a-reent.o)
                0x0000000020000f84                errno
                0x0000000020000f88                . = ALIGN (0x4)
                0x0000000020000f88                _ebss = .
                0x0000000020000f88                __bss_end__ = _ebss

._user_heap_stack
                0x0000000020000f88      0x600 load address 0x000000000800dc90
                0x0000000020000f88                . = ALIGN (0x8)
                0x0000000020000f88                PROVIDE (end, .)
                [!provide]                        PROVIDE (_end, .)
                0x0000000020001188                . = (. + _Min_Heap_Size)
 *fill*         0x0000000020000f88      0x200 
                0x0000000020001588                . = (. + _Min_Stack_Size)
 *fill*         0x0000000020001188      0x400 
                0x0000000020001588                . = ALIGN (0x8)

/DISCARD/
 libc.a(*)
 libm.a(*)
 libgcc.a(*)

.ARM.attributes
                0x0000000000000000       0x28
 *(.ARM.attributes)
 .ARM.attributes
                0x0000000000000000       0x1e /usr/lib/gcc/arm-none-eabi/7.2.0/armv6-m/crti.o
 .ARM.attributes
                0x000000000000001e       0x2c /usr/lib/gcc/arm-none-eabi/7.2.0/armv6-m/crtbegin.o
 .ARM.attributes
                0x000000000000004a       0x32 build/stm32l0xx_hal_pwr.o
 .ARM.attributes
                0x000000000000007c       0x32 build/stm32l0xx_hal_rtc.o
 .ARM.attributes
                0x00000000000000ae       0x32 build/stm32l0xx_hal_cortex.o
 .ARM.attributes
                0x00000000000000e0       0x32 build/stm32l0xx_hal_spi.o
 .ARM.attributes
                0x0000000000000112       0x32 build/stm32l0xx_hal_gpio.o
 .ARM.attributes
                0x0000000000000144       0x32 build/stm32l0xx_hal_i2c.o
 .ARM.attributes
                0x0000000000000176       0x32 build/stm32l0xx_hal_rcc.o
 .ARM.attributes
                0x00000000000001a8       0x32 build/stm32l0xx_hal_i2c_ex.o
 .ARM.attributes
                0x00000000000001da       0x32 build/stm32l0xx_hal.o
 .ARM.attributes
                0x000000000000020c       0x32 build/stm32l0xx_hal_rtc_ex.o
 .ARM.attributes
                0x000000000000023e       0x32 build/stm32l0xx_hal_uart.o
 .ARM.attributes
                0x0000000000000270       0x32 build/stm32l0xx_hal_rcc_ex.o
 .ARM.attributes
                0x00000000000002a2       0x32 build/stm32l0xx_hal_pwr_ex.o
 .ARM.attributes
                0x00000000000002d4       0x32 build/sx1272mb2das.o
 .ARM.attributes
                0x0000000000000306       0x32 build/sx1272.o
 .ARM.attributes
                0x0000000000000338       0x32 build/delay.o
 .ARM.attributes
                0x000000000000036a       0x32 build/timeServer.o
 .ARM.attributes
                0x000000000000039c       0x32 build/utilities.o
 .ARM.attributes
                0x00000000000003ce       0x32 build/low_power.o
 .ARM.attributes
                0x0000000000000400       0x32 build/vcom.o
 .ARM.attributes
                0x0000000000000432       0x32 build/stm32l0xx_hw.o
 .ARM.attributes
                0x0000000000000464       0x32 build/hw_rtc.o
 .ARM.attributes
                0x0000000000000496       0x32 build/stm32l0xx_hal_msp.o
 .ARM.attributes
                0x00000000000004c8       0x32 build/debug.o
 .ARM.attributes
                0x00000000000004fa       0x32 build/hw_i2c.o
 .ARM.attributes
                0x000000000000052c       0x32 build/hw_gpio.o
 .ARM.attributes
                0x000000000000055e       0x32 build/hw_spi.o
 .ARM.attributes
                0x0000000000000590       0x32 build/main.o
 .ARM.attributes
                0x00000000000005c2       0x32 build/system_stm32l0xx.o
 .ARM.attributes
                0x00000000000005f4       0x32 build/stm32l0xx_it.o
 .ARM.attributes
                0x0000000000000626       0x32 build/voc_sensor.o
 .ARM.attributes
                0x0000000000000658       0x32 build/bme680.o
 .ARM.attributes
                0x000000000000068a       0x22 build/startup_stm32l073xx.o
 .ARM.attributes
                0x00000000000006ac       0x2c /usr/lib/gcc/arm-none-eabi/7.2.0/../../../../arm-none-eabi/lib/armv6-m/libc.a(lib_a-atexit.o)
 .ARM.attributes
                0x00000000000006d8       0x2c /usr/lib/gcc/arm-none-eabi/7.2.0/../../../../arm-none-eabi/lib/armv6-m/libc.a(lib_a-fini.o)
 .ARM.attributes
                0x0000000000000704       0x2c /usr/lib/gcc/arm-none-eabi/7.2.0/../../../../arm-none-eabi/lib/armv6-m/libc.a(lib_a-impure.o)
 .ARM.attributes
                0x0000000000000730       0x2c /usr/lib/gcc/arm-none-eabi/7.2.0/../../../../arm-none-eabi/lib/armv6-m/libc.a(lib_a-init.o)
 .ARM.attributes
                0x000000000000075c       0x2c /usr/lib/gcc/arm-none-eabi/7.2.0/../../../../arm-none-eabi/lib/armv6-m/libc.a(lib_a-memcpy-stub.o)
 .ARM.attributes
                0x0000000000000788       0x2c /usr/lib/gcc/arm-none-eabi/7.2.0/../../../../arm-none-eabi/lib/armv6-m/libc.a(lib_a-memset.o)
 .ARM.attributes
                0x00000000000007b4       0x2c /usr/lib/gcc/arm-none-eabi/7.2.0/../../../../arm-none-eabi/lib/armv6-m/libc.a(lib_a-vsprintf.o)
 .ARM.attributes
                0x00000000000007e0       0x2c /usr/lib/gcc/arm-none-eabi/7.2.0/../../../../arm-none-eabi/lib/armv6-m/libc.a(lib_a-__atexit.o)
 .ARM.attributes
                0x000000000000080c       0x2c /usr/lib/gcc/arm-none-eabi/7.2.0/../../../../arm-none-eabi/lib/armv6-m/libc.a(lib_a-__call_atexit.o)
 .ARM.attributes
                0x0000000000000838       0x2c /usr/lib/gcc/arm-none-eabi/7.2.0/../../../../arm-none-eabi/lib/armv6-m/libc.a(lib_a-svfprintf.o)
 .ARM.attributes
                0x0000000000000864       0x2c /usr/lib/gcc/arm-none-eabi/7.2.0/../../../../arm-none-eabi/lib/armv6-m/libc.a(lib_a-dtoa.o)
 .ARM.attributes
                0x0000000000000890       0x2c /usr/lib/gcc/arm-none-eabi/7.2.0/../../../../arm-none-eabi/lib/armv6-m/libc.a(lib_a-localeconv.o)
 .ARM.attributes
                0x00000000000008bc       0x2c /usr/lib/gcc/arm-none-eabi/7.2.0/../../../../arm-none-eabi/lib/armv6-m/libc.a(lib_a-locale.o)
 .ARM.attributes
                0x00000000000008e8       0x2c /usr/lib/gcc/arm-none-eabi/7.2.0/../../../../arm-none-eabi/lib/armv6-m/libc.a(lib_a-mallocr.o)
 .ARM.attributes
                0x0000000000000914       0x2c /usr/lib/gcc/arm-none-eabi/7.2.0/../../../../arm-none-eabi/lib/armv6-m/libc.a(lib_a-mbtowc_r.o)
 .ARM.attributes
                0x0000000000000940       0x2c /usr/lib/gcc/arm-none-eabi/7.2.0/../../../../arm-none-eabi/lib/armv6-m/libc.a(lib_a-memchr-stub.o)
 .ARM.attributes
                0x000000000000096c       0x2c /usr/lib/gcc/arm-none-eabi/7.2.0/../../../../arm-none-eabi/lib/armv6-m/libc.a(lib_a-mlock.o)
 .ARM.attributes
                0x0000000000000998       0x2c /usr/lib/gcc/arm-none-eabi/7.2.0/../../../../arm-none-eabi/lib/armv6-m/libc.a(lib_a-mprec.o)
 .ARM.attributes
                0x00000000000009c4       0x2c /usr/lib/gcc/arm-none-eabi/7.2.0/../../../../arm-none-eabi/lib/armv6-m/libc.a(lib_a-sbrkr.o)
 .ARM.attributes
                0x00000000000009f0       0x2c /usr/lib/gcc/arm-none-eabi/7.2.0/../../../../arm-none-eabi/lib/armv6-m/libc.a(lib_a-strlen-stub.o)
 .ARM.attributes
                0x0000000000000a1c       0x2c /usr/lib/gcc/arm-none-eabi/7.2.0/../../../../arm-none-eabi/lib/armv6-m/libc.a(lib_a-svfiprintf.o)
 .ARM.attributes
                0x0000000000000a48       0x2c /usr/lib/gcc/arm-none-eabi/7.2.0/../../../../arm-none-eabi/lib/armv6-m/libc.a(lib_a-wctomb_r.o)
 .ARM.attributes
                0x0000000000000a74       0x2c /usr/lib/gcc/arm-none-eabi/7.2.0/../../../../arm-none-eabi/lib/armv6-m/libc.a(lib_a-callocr.o)
 .ARM.attributes
                0x0000000000000aa0       0x2c /usr/lib/gcc/arm-none-eabi/7.2.0/../../../../arm-none-eabi/lib/armv6-m/libc.a(lib_a-ctype_.o)
 .ARM.attributes
                0x0000000000000acc       0x2c /usr/lib/gcc/arm-none-eabi/7.2.0/../../../../arm-none-eabi/lib/armv6-m/libc.a(lib_a-freer.o)
 .ARM.attributes
                0x0000000000000af8       0x2c /usr/lib/gcc/arm-none-eabi/7.2.0/../../../../arm-none-eabi/lib/armv6-m/libc.a(lib_a-memmove.o)
 .ARM.attributes
                0x0000000000000b24       0x2c /usr/lib/gcc/arm-none-eabi/7.2.0/../../../../arm-none-eabi/lib/armv6-m/libc.a(lib_a-reallocr.o)
 .ARM.attributes
                0x0000000000000b50       0x2c /usr/lib/gcc/arm-none-eabi/7.2.0/../../../../arm-none-eabi/lib/armv6-m/libc.a(lib_a-reent.o)
 .ARM.attributes
                0x0000000000000b7c       0x2c /usr/lib/gcc/arm-none-eabi/7.2.0/../../../../arm-none-eabi/lib/armv6-m/libm.a(lib_a-s_ceil.o)
 .ARM.attributes
                0x0000000000000ba8       0x2c /usr/lib/gcc/arm-none-eabi/7.2.0/../../../../arm-none-eabi/lib/armv6-m/libm.a(lib_a-s_floor.o)
 .ARM.attributes
                0x0000000000000bd4       0x2c /usr/lib/gcc/arm-none-eabi/7.2.0/../../../../arm-none-eabi/lib/armv6-m/libm.a(lib_a-s_round.o)
 .ARM.attributes
                0x0000000000000c00       0x2c /usr/lib/gcc/arm-none-eabi/7.2.0/../../../../arm-none-eabi/lib/armv6-m/libnosys.a(sbrk.o)
 .ARM.attributes
                0x0000000000000c2c       0x1e /usr/lib/gcc/arm-none-eabi/7.2.0/armv6-m/libgcc.a(_udivsi3.o)
 .ARM.attributes
                0x0000000000000c4a       0x1e /usr/lib/gcc/arm-none-eabi/7.2.0/armv6-m/libgcc.a(_divsi3.o)
 .ARM.attributes
                0x0000000000000c68       0x1e /usr/lib/gcc/arm-none-eabi/7.2.0/armv6-m/libgcc.a(_dvmd_tls.o)
 .ARM.attributes
                0x0000000000000c86       0x1e /usr/lib/gcc/arm-none-eabi/7.2.0/armv6-m/libgcc.a(_arm_cmpdf2.o)
 .ARM.attributes
                0x0000000000000ca4       0x1e /usr/lib/gcc/arm-none-eabi/7.2.0/armv6-m/libgcc.a(_aeabi_ldivmod.o)
 .ARM.attributes
                0x0000000000000cc2       0x1e /usr/lib/gcc/arm-none-eabi/7.2.0/armv6-m/libgcc.a(_aeabi_uldivmod.o)
 .ARM.attributes
                0x0000000000000ce0       0x2c /usr/lib/gcc/arm-none-eabi/7.2.0/armv6-m/libgcc.a(_muldi3.o)
 .ARM.attributes
                0x0000000000000d0c       0x2c /usr/lib/gcc/arm-none-eabi/7.2.0/armv6-m/libgcc.a(_fixunsdfsi.o)
 .ARM.attributes
                0x0000000000000d38       0x2c /usr/lib/gcc/arm-none-eabi/7.2.0/armv6-m/libgcc.a(_udivmoddi4.o)
 .ARM.attributes
                0x0000000000000d64       0x2c /usr/lib/gcc/arm-none-eabi/7.2.0/armv6-m/libgcc.a(bpabi.o)
 .ARM.attributes
                0x0000000000000d90       0x2c /usr/lib/gcc/arm-none-eabi/7.2.0/armv6-m/libgcc.a(divsf3.o)
 .ARM.attributes
                0x0000000000000dbc       0x2c /usr/lib/gcc/arm-none-eabi/7.2.0/armv6-m/libgcc.a(floatsisf.o)
 .ARM.attributes
                0x0000000000000de8       0x2c /usr/lib/gcc/arm-none-eabi/7.2.0/armv6-m/libgcc.a(floatunsisf.o)
 .ARM.attributes
                0x0000000000000e14       0x2c /usr/lib/gcc/arm-none-eabi/7.2.0/armv6-m/libgcc.a(adddf3.o)
 .ARM.attributes
                0x0000000000000e40       0x2c /usr/lib/gcc/arm-none-eabi/7.2.0/armv6-m/libgcc.a(divdf3.o)
 .ARM.attributes
                0x0000000000000e6c       0x2c /usr/lib/gcc/arm-none-eabi/7.2.0/armv6-m/libgcc.a(eqdf2.o)
 .ARM.attributes
                0x0000000000000e98       0x2c /usr/lib/gcc/arm-none-eabi/7.2.0/armv6-m/libgcc.a(gedf2.o)
 .ARM.attributes
                0x0000000000000ec4       0x2c /usr/lib/gcc/arm-none-eabi/7.2.0/armv6-m/libgcc.a(ledf2.o)
 .ARM.attributes
                0x0000000000000ef0       0x2c /usr/lib/gcc/arm-none-eabi/7.2.0/armv6-m/libgcc.a(muldf3.o)
 .ARM.attributes
                0x0000000000000f1c       0x2c /usr/lib/gcc/arm-none-eabi/7.2.0/armv6-m/libgcc.a(subdf3.o)
 .ARM.attributes
                0x0000000000000f48       0x2c /usr/lib/gcc/arm-none-eabi/7.2.0/armv6-m/libgcc.a(unorddf2.o)
 .ARM.attributes
                0x0000000000000f74       0x2c /usr/lib/gcc/arm-none-eabi/7.2.0/armv6-m/libgcc.a(fixdfsi.o)
 .ARM.attributes
                0x0000000000000fa0       0x2c /usr/lib/gcc/arm-none-eabi/7.2.0/armv6-m/libgcc.a(floatsidf.o)
 .ARM.attributes
                0x0000000000000fcc       0x2c /usr/lib/gcc/arm-none-eabi/7.2.0/armv6-m/libgcc.a(floatunsidf.o)
 .ARM.attributes
                0x0000000000000ff8       0x2c /usr/lib/gcc/arm-none-eabi/7.2.0/armv6-m/libgcc.a(extendsfdf2.o)
 .ARM.attributes
                0x0000000000001024       0x1e /usr/lib/gcc/arm-none-eabi/7.2.0/armv6-m/libgcc.a(_thumb1_case_uqi.o)
 .ARM.attributes
                0x0000000000001042       0x1e /usr/lib/gcc/arm-none-eabi/7.2.0/armv6-m/libgcc.a(_thumb1_case_uhi.o)
 .ARM.attributes
                0x0000000000001060       0x1e /usr/lib/gcc/arm-none-eabi/7.2.0/armv6-m/libgcc.a(_lshrdi3.o)
 .ARM.attributes
                0x000000000000107e       0x1e /usr/lib/gcc/arm-none-eabi/7.2.0/armv6-m/libgcc.a(_ashldi3.o)
 .ARM.attributes
                0x000000000000109c       0x1e /usr/lib/gcc/arm-none-eabi/7.2.0/armv6-m/libgcc.a(_clzsi2.o)
 .ARM.attributes
                0x00000000000010ba       0x1e /usr/lib/gcc/arm-none-eabi/7.2.0/armv6-m/libgcc.a(_clzdi2.o)
 .ARM.attributes
                0x00000000000010d8       0x2c /usr/lib/gcc/arm-none-eabi/7.2.0/armv6-m/libgcc.a(_divdi3.o)
 .ARM.attributes
                0x0000000000001104       0x1e /usr/lib/gcc/arm-none-eabi/7.2.0/armv6-m/crtn.o
OUTPUT(build/bees.elf elf32-littlearm)

.debug_info     0x0000000000000000    0x2fefa
 .debug_info    0x0000000000000000      0xfe4 build/stm32l0xx_hal_pwr.o
 .debug_info    0x0000000000000fe4     0x1ae7 build/stm32l0xx_hal_rtc.o
 .debug_info    0x0000000000002acb     0x1294 build/stm32l0xx_hal_cortex.o
 .debug_info    0x0000000000003d5f     0x1fca build/stm32l0xx_hal_spi.o
 .debug_info    0x0000000000005d29     0x1041 build/stm32l0xx_hal_gpio.o
 .debug_info    0x0000000000006d6a     0x447a build/stm32l0xx_hal_i2c.o
 .debug_info    0x000000000000b1e4     0x15b9 build/stm32l0xx_hal_rcc.o
 .debug_info    0x000000000000c79d     0x125e build/stm32l0xx_hal_i2c_ex.o
 .debug_info    0x000000000000d9fb     0x11be build/stm32l0xx_hal.o
 .debug_info    0x000000000000ebb9     0x1a2e build/stm32l0xx_hal_rtc_ex.o
 .debug_info    0x00000000000105e7     0x24c4 build/stm32l0xx_hal_uart.o
 .debug_info    0x0000000000012aab     0x12ec build/stm32l0xx_hal_rcc_ex.o
 .debug_info    0x0000000000013d97      0xb3d build/stm32l0xx_hal_pwr_ex.o
 .debug_info    0x00000000000148d4     0x18a8 build/sx1272mb2das.o
 .debug_info    0x000000000001617c     0x583f build/sx1272.o
 .debug_info    0x000000000001b9bb      0xaf9 build/delay.o
 .debug_info    0x000000000001c4b4     0x1197 build/timeServer.o
 .debug_info    0x000000000001d64b      0xbdb build/utilities.o
 .debug_info    0x000000000001e226      0xc4c build/low_power.o
 .debug_info    0x000000000001ee72     0x1a1e build/vcom.o
 .debug_info    0x0000000000020890     0x16c4 build/stm32l0xx_hw.o
 .debug_info    0x0000000000021f54     0x19dd build/hw_rtc.o
 .debug_info    0x0000000000023931     0x14cc build/stm32l0xx_hal_msp.o
 .debug_info    0x0000000000024dfd      0xe24 build/debug.o
 .debug_info    0x0000000000025c21     0x1410 build/hw_i2c.o
 .debug_info    0x0000000000027031     0x117b build/hw_gpio.o
 .debug_info    0x00000000000281ac     0x15a6 build/hw_spi.o
 .debug_info    0x0000000000029752     0x19b7 build/main.o
 .debug_info    0x000000000002b109      0xcc5 build/system_stm32l0xx.o
 .debug_info    0x000000000002bdce      0xd78 build/stm32l0xx_it.o
 .debug_info    0x000000000002cb46     0x179d build/voc_sensor.o
 .debug_info    0x000000000002e2e3     0x1bf5 build/bme680.o
 .debug_info    0x000000000002fed8       0x22 build/startup_stm32l073xx.o

.debug_abbrev   0x0000000000000000     0x5f44
 .debug_abbrev  0x0000000000000000      0x266 build/stm32l0xx_hal_pwr.o
 .debug_abbrev  0x0000000000000266      0x349 build/stm32l0xx_hal_rtc.o
 .debug_abbrev  0x00000000000005af      0x32e build/stm32l0xx_hal_cortex.o
 .debug_abbrev  0x00000000000008dd      0x366 build/stm32l0xx_hal_spi.o
 .debug_abbrev  0x0000000000000c43      0x2a6 build/stm32l0xx_hal_gpio.o
 .debug_abbrev  0x0000000000000ee9      0x3dc build/stm32l0xx_hal_i2c.o
 .debug_abbrev  0x00000000000012c5      0x34d build/stm32l0xx_hal_rcc.o
 .debug_abbrev  0x0000000000001612      0x22f build/stm32l0xx_hal_i2c_ex.o
 .debug_abbrev  0x0000000000001841      0x2e1 build/stm32l0xx_hal.o
 .debug_abbrev  0x0000000000001b22      0x2cf build/stm32l0xx_hal_rtc_ex.o
 .debug_abbrev  0x0000000000001df1      0x393 build/stm32l0xx_hal_uart.o
 .debug_abbrev  0x0000000000002184      0x2bb build/stm32l0xx_hal_rcc_ex.o
 .debug_abbrev  0x000000000000243f      0x209 build/stm32l0xx_hal_pwr_ex.o
 .debug_abbrev  0x0000000000002648      0x324 build/sx1272mb2das.o
 .debug_abbrev  0x000000000000296c      0x4dd build/sx1272.o
 .debug_abbrev  0x0000000000002e49      0x23f build/delay.o
 .debug_abbrev  0x0000000000003088      0x419 build/timeServer.o
 .debug_abbrev  0x00000000000034a1      0x258 build/utilities.o
 .debug_abbrev  0x00000000000036f9      0x2d4 build/low_power.o
 .debug_abbrev  0x00000000000039cd      0x388 build/vcom.o
 .debug_abbrev  0x0000000000003d55      0x378 build/stm32l0xx_hw.o
 .debug_abbrev  0x00000000000040cd      0x45a build/hw_rtc.o
 .debug_abbrev  0x0000000000004527      0x28f build/stm32l0xx_hal_msp.o
 .debug_abbrev  0x00000000000047b6      0x259 build/debug.o
 .debug_abbrev  0x0000000000004a0f      0x26c build/hw_i2c.o
 .debug_abbrev  0x0000000000004c7b      0x302 build/hw_gpio.o
 .debug_abbrev  0x0000000000004f7d      0x2db build/hw_spi.o
 .debug_abbrev  0x0000000000005258      0x2b3 build/main.o
 .debug_abbrev  0x000000000000550b      0x1e6 build/system_stm32l0xx.o
 .debug_abbrev  0x00000000000056f1      0x23b build/stm32l0xx_it.o
 .debug_abbrev  0x000000000000592c      0x2f7 build/voc_sensor.o
 .debug_abbrev  0x0000000000005c23      0x30f build/bme680.o
 .debug_abbrev  0x0000000000005f32       0x12 build/startup_stm32l073xx.o

.debug_loc      0x0000000000000000    0x14518
 .debug_loc     0x0000000000000000      0x161 build/stm32l0xx_hal_pwr.o
 .debug_loc     0x0000000000000161     0x120b build/stm32l0xx_hal_rtc.o
 .debug_loc     0x000000000000136c      0x3d3 build/stm32l0xx_hal_cortex.o
 .debug_loc     0x000000000000173f     0x182f build/stm32l0xx_hal_spi.o
 .debug_loc     0x0000000000002f6e      0x369 build/stm32l0xx_hal_gpio.o
 .debug_loc     0x00000000000032d7     0x5c18 build/stm32l0xx_hal_i2c.o
 .debug_loc     0x0000000000008eef      0x6e5 build/stm32l0xx_hal_rcc.o
 .debug_loc     0x00000000000095d4      0x2c5 build/stm32l0xx_hal_i2c_ex.o
 .debug_loc     0x0000000000009899      0x138 build/stm32l0xx_hal.o
 .debug_loc     0x00000000000099d1     0x1240 build/stm32l0xx_hal_rtc_ex.o
 .debug_loc     0x000000000000ac11     0x1e76 build/stm32l0xx_hal_uart.o
 .debug_loc     0x000000000000ca87      0xbb9 build/stm32l0xx_hal_rcc_ex.o
 .debug_loc     0x000000000000d640       0x4a build/stm32l0xx_hal_pwr_ex.o
 .debug_loc     0x000000000000d68a      0x1c7 build/sx1272mb2das.o
 .debug_loc     0x000000000000d851     0x2fc5 build/sx1272.o
 .debug_loc     0x0000000000010816       0x97 build/delay.o
 .debug_loc     0x00000000000108ad      0x678 build/timeServer.o
 .debug_loc     0x0000000000010f25      0x269 build/utilities.o
 .debug_loc     0x000000000001118e       0x41 build/low_power.o
 .debug_loc     0x00000000000111cf      0x275 build/vcom.o
 .debug_loc     0x0000000000011444      0x100 build/stm32l0xx_hw.o
 .debug_loc     0x0000000000011544      0x705 build/hw_rtc.o
 .debug_loc     0x0000000000011c49      0x1af build/stm32l0xx_hal_msp.o
 .debug_loc     0x0000000000011df8       0x99 build/debug.o
 .debug_loc     0x0000000000011e91       0xe0 build/hw_i2c.o
 .debug_loc     0x0000000000011f71      0x322 build/hw_gpio.o
 .debug_loc     0x0000000000012293      0x14a build/hw_spi.o
 .debug_loc     0x00000000000123dd       0x2c build/main.o
 .debug_loc     0x0000000000012409      0x1fe build/system_stm32l0xx.o
 .debug_loc     0x0000000000012607       0xe0 build/stm32l0xx_it.o
 .debug_loc     0x00000000000126e7      0x224 build/voc_sensor.o
 .debug_loc     0x000000000001290b     0x1c0d build/bme680.o

.debug_aranges  0x0000000000000000     0x1250
 .debug_aranges
                0x0000000000000000       0xa0 build/stm32l0xx_hal_pwr.o
 .debug_aranges
                0x00000000000000a0       0xb8 build/stm32l0xx_hal_rtc.o
 .debug_aranges
                0x0000000000000158       0x80 build/stm32l0xx_hal_cortex.o
 .debug_aranges
                0x00000000000001d8      0x148 build/stm32l0xx_hal_spi.o
 .debug_aranges
                0x0000000000000320       0x58 build/stm32l0xx_hal_gpio.o
 .debug_aranges
                0x0000000000000378      0x240 build/stm32l0xx_hal_i2c.o
 .debug_aranges
                0x00000000000005b8       0x88 build/stm32l0xx_hal_rcc.o
 .debug_aranges
                0x0000000000000640       0x48 build/stm32l0xx_hal_i2c_ex.o
 .debug_aranges
                0x0000000000000688       0xe0 build/stm32l0xx_hal.o
 .debug_aranges
                0x0000000000000768      0x130 build/stm32l0xx_hal_rtc_ex.o
 .debug_aranges
                0x0000000000000898      0x1c8 build/stm32l0xx_hal_uart.o
 .debug_aranges
                0x0000000000000a60       0xb0 build/stm32l0xx_hal_rcc_ex.o
 .debug_aranges
                0x0000000000000b10       0x50 build/stm32l0xx_hal_pwr_ex.o
 .debug_aranges
                0x0000000000000b60       0x68 build/sx1272mb2das.o
 .debug_aranges
                0x0000000000000bc8      0x138 build/sx1272.o
 .debug_aranges
                0x0000000000000d00       0x28 build/delay.o
 .debug_aranges
                0x0000000000000d28       0x60 build/timeServer.o
 .debug_aranges
                0x0000000000000d88       0x50 build/utilities.o
 .debug_aranges
                0x0000000000000dd8       0x38 build/low_power.o
 .debug_aranges
                0x0000000000000e10       0x60 build/vcom.o
 .debug_aranges
                0x0000000000000e70       0x60 build/stm32l0xx_hw.o
 .debug_aranges
                0x0000000000000ed0       0x90 build/hw_rtc.o
 .debug_aranges
                0x0000000000000f60       0x58 build/stm32l0xx_hal_msp.o
 .debug_aranges
                0x0000000000000fb8       0x28 build/debug.o
 .debug_aranges
                0x0000000000000fe0       0x30 build/hw_i2c.o
 .debug_aranges
                0x0000000000001010       0x40 build/hw_gpio.o
 .debug_aranges
                0x0000000000001050       0x40 build/hw_spi.o
 .debug_aranges
                0x0000000000001090       0x28 build/main.o
 .debug_aranges
                0x00000000000010b8       0x28 build/system_stm32l0xx.o
 .debug_aranges
                0x00000000000010e0       0x88 build/stm32l0xx_it.o
 .debug_aranges
                0x0000000000001168       0x40 build/voc_sensor.o
 .debug_aranges
                0x00000000000011a8       0x80 build/bme680.o
 .debug_aranges
                0x0000000000001228       0x28 build/startup_stm32l073xx.o

.debug_ranges   0x0000000000000000     0x1548
 .debug_ranges  0x0000000000000000       0x90 build/stm32l0xx_hal_pwr.o
 .debug_ranges  0x0000000000000090       0xa8 build/stm32l0xx_hal_rtc.o
 .debug_ranges  0x0000000000000138       0xb8 build/stm32l0xx_hal_cortex.o
 .debug_ranges  0x00000000000001f0      0x150 build/stm32l0xx_hal_spi.o
 .debug_ranges  0x0000000000000340       0x48 build/stm32l0xx_hal_gpio.o
 .debug_ranges  0x0000000000000388      0x410 build/stm32l0xx_hal_i2c.o
 .debug_ranges  0x0000000000000798       0xa8 build/stm32l0xx_hal_rcc.o
 .debug_ranges  0x0000000000000840       0x38 build/stm32l0xx_hal_i2c_ex.o
 .debug_ranges  0x0000000000000878       0xd0 build/stm32l0xx_hal.o
 .debug_ranges  0x0000000000000948      0x120 build/stm32l0xx_hal_rtc_ex.o
 .debug_ranges  0x0000000000000a68      0x1b8 build/stm32l0xx_hal_uart.o
 .debug_ranges  0x0000000000000c20       0xb8 build/stm32l0xx_hal_rcc_ex.o
 .debug_ranges  0x0000000000000cd8       0x40 build/stm32l0xx_hal_pwr_ex.o
 .debug_ranges  0x0000000000000d18       0x58 build/sx1272mb2das.o
 .debug_ranges  0x0000000000000d70      0x158 build/sx1272.o
 .debug_ranges  0x0000000000000ec8       0x18 build/delay.o
 .debug_ranges  0x0000000000000ee0       0x50 build/timeServer.o
 .debug_ranges  0x0000000000000f30       0x40 build/utilities.o
 .debug_ranges  0x0000000000000f70       0x28 build/low_power.o
 .debug_ranges  0x0000000000000f98       0x50 build/vcom.o
 .debug_ranges  0x0000000000000fe8       0x50 build/stm32l0xx_hw.o
 .debug_ranges  0x0000000000001038       0x98 build/hw_rtc.o
 .debug_ranges  0x00000000000010d0       0x48 build/stm32l0xx_hal_msp.o
 .debug_ranges  0x0000000000001118       0x18 build/debug.o
 .debug_ranges  0x0000000000001130       0x20 build/hw_i2c.o
 .debug_ranges  0x0000000000001150       0x30 build/hw_gpio.o
 .debug_ranges  0x0000000000001180       0x48 build/hw_spi.o
 .debug_ranges  0x00000000000011c8       0x18 build/main.o
 .debug_ranges  0x00000000000011e0       0x18 build/system_stm32l0xx.o
 .debug_ranges  0x00000000000011f8       0x78 build/stm32l0xx_it.o
 .debug_ranges  0x0000000000001270       0x30 build/voc_sensor.o
 .debug_ranges  0x00000000000012a0      0x288 build/bme680.o
 .debug_ranges  0x0000000000001528       0x20 build/startup_stm32l073xx.o

.debug_line     0x0000000000000000     0x980c
 .debug_line    0x0000000000000000      0x35f build/stm32l0xx_hal_pwr.o
 .debug_line    0x000000000000035f      0x68a build/stm32l0xx_hal_rtc.o
 .debug_line    0x00000000000009e9      0x36a build/stm32l0xx_hal_cortex.o
 .debug_line    0x0000000000000d53      0xaa3 build/stm32l0xx_hal_spi.o
 .debug_line    0x00000000000017f6      0x322 build/stm32l0xx_hal_gpio.o
 .debug_line    0x0000000000001b18     0x1513 build/stm32l0xx_hal_i2c.o
 .debug_line    0x000000000000302b      0x4fc build/stm32l0xx_hal_rcc.o
 .debug_line    0x0000000000003527      0x308 build/stm32l0xx_hal_i2c_ex.o
 .debug_line    0x000000000000382f      0x3a9 build/stm32l0xx_hal.o
 .debug_line    0x0000000000003bd8      0x85e build/stm32l0xx_hal_rtc_ex.o
 .debug_line    0x0000000000004436      0xd08 build/stm32l0xx_hal_uart.o
 .debug_line    0x000000000000513e      0x50e build/stm32l0xx_hal_rcc_ex.o
 .debug_line    0x000000000000564c      0x239 build/stm32l0xx_hal_pwr_ex.o
 .debug_line    0x0000000000005885      0x2fb build/sx1272mb2das.o
 .debug_line    0x0000000000005b80      0xc27 build/sx1272.o
 .debug_line    0x00000000000067a7      0x1a6 build/delay.o
 .debug_line    0x000000000000694d      0x37c build/timeServer.o
 .debug_line    0x0000000000006cc9      0x1cf build/utilities.o
 .debug_line    0x0000000000006e98      0x234 build/low_power.o
 .debug_line    0x00000000000070cc      0x375 build/vcom.o
 .debug_line    0x0000000000007441      0x387 build/stm32l0xx_hw.o
 .debug_line    0x00000000000077c8      0x46f build/hw_rtc.o
 .debug_line    0x0000000000007c37      0x340 build/stm32l0xx_hal_msp.o
 .debug_line    0x0000000000007f77      0x1f4 build/debug.o
 .debug_line    0x000000000000816b      0x26b build/hw_i2c.o
 .debug_line    0x00000000000083d6      0x253 build/hw_gpio.o
 .debug_line    0x0000000000008629      0x2a2 build/hw_spi.o
 .debug_line    0x00000000000088cb      0x308 build/main.o
 .debug_line    0x0000000000008bd3      0x1b5 build/system_stm32l0xx.o
 .debug_line    0x0000000000008d88      0x2e6 build/stm32l0xx_it.o
 .debug_line    0x000000000000906e      0x2bd build/voc_sensor.o
 .debug_line    0x000000000000932b      0x461 build/bme680.o
 .debug_line    0x000000000000978c       0x80 build/startup_stm32l073xx.o

.debug_str      0x0000000000000000     0x5b71
 .debug_str     0x0000000000000000      0x84f build/stm32l0xx_hal_pwr.o
                                        0x8dc (size before relaxing)
 .debug_str     0x000000000000084f      0x4a1 build/stm32l0xx_hal_rtc.o
                                        0xaf4 (size before relaxing)
 .debug_str     0x0000000000000cf0      0x495 build/stm32l0xx_hal_cortex.o
                                        0xb37 (size before relaxing)
 .debug_str     0x0000000000001185      0x6e2 build/stm32l0xx_hal_spi.o
                                        0xdb3 (size before relaxing)
 .debug_str     0x0000000000001867      0x1a3 build/stm32l0xx_hal_gpio.o
                                        0x893 (size before relaxing)
 .debug_str     0x0000000000001a0a      0xa1f build/stm32l0xx_hal_i2c.o
                                       0x12af (size before relaxing)
 .debug_str     0x0000000000002429      0x36f build/stm32l0xx_hal_rcc.o
                                        0xb0b (size before relaxing)
 .debug_str     0x0000000000002798       0xf2 build/stm32l0xx_hal_i2c_ex.o
                                        0xc6b (size before relaxing)
 .debug_str     0x000000000000288a      0x28f build/stm32l0xx_hal.o
                                        0xbcf (size before relaxing)
 .debug_str     0x0000000000002b19      0x560 build/stm32l0xx_hal_rtc_ex.o
                                        0xe56 (size before relaxing)
 .debug_str     0x0000000000003079      0x927 build/stm32l0xx_hal_uart.o
                                       0x1304 (size before relaxing)
 .debug_str     0x00000000000039a0      0x414 build/stm32l0xx_hal_rcc_ex.o
                                        0xbea (size before relaxing)
 .debug_str     0x0000000000003db4      0x119 build/stm32l0xx_hal_pwr_ex.o
                                        0x726 (size before relaxing)
 .debug_str     0x0000000000003ecd      0x4f1 build/sx1272mb2das.o
                                        0xccb (size before relaxing)
 .debug_str     0x00000000000043be      0x546 build/sx1272.o